../Core/Src/main.c:90:6:set_motor_angle	24	static
../Core/Src/main.c:120:5:main	24	static
../Core/Src/main.c:210:6:SystemClock_Config	88	static
../Core/Src/main.c:261:13:MX_ETH_Init	8	static
../Core/Src/main.c:310:13:MX_TIM3_Init	64	static
../Core/Src/main.c:384:13:MX_TIM4_Init	64	static
../Core/Src/main.c:443:13:MX_USART3_UART_Init	8	static
../Core/Src/main.c:478:13:MX_USB_OTG_FS_PCD_Init	8	static
../Core/Src/main.c:513:13:MX_GPIO_Init	56	static
../Core/Src/main.c:573:6:Error_Handler	4	static,ignoring_inline_asm
