Archive member included to satisfy reference by file (symbol)

D:/STM32CubeIDE_1.18.1/STM32CubeIDE/plugins/com.st.stm32cube.ide.mcu.externaltools.gnu-tools-for-stm32.13.3.rel1.win32_1.0.0.202411081344/tools/bin/../lib/gcc/arm-none-eabi/13.3.1/../../../../arm-none-eabi/lib/thumb/v7e-m+dp/hard\libc_nano.a(libc_a-exit.o)
                              D:/STM32CubeIDE_1.18.1/STM32CubeIDE/plugins/com.st.stm32cube.ide.mcu.externaltools.gnu-tools-for-stm32.13.3.rel1.win32_1.0.0.202411081344/tools/bin/../lib/gcc/arm-none-eabi/13.3.1/../../../../arm-none-eabi/lib/thumb/v7e-m+dp/hard/crt0.o (exit)
D:/STM32CubeIDE_1.18.1/STM32CubeIDE/plugins/com.st.stm32cube.ide.mcu.externaltools.gnu-tools-for-stm32.13.3.rel1.win32_1.0.0.202411081344/tools/bin/../lib/gcc/arm-none-eabi/13.3.1/../../../../arm-none-eabi/lib/thumb/v7e-m+dp/hard\libc_nano.a(libc_a-findfp.o)
                              D:/STM32CubeIDE_1.18.1/STM32CubeIDE/plugins/com.st.stm32cube.ide.mcu.externaltools.gnu-tools-for-stm32.13.3.rel1.win32_1.0.0.202411081344/tools/bin/../lib/gcc/arm-none-eabi/13.3.1/../../../../arm-none-eabi/lib/thumb/v7e-m+dp/hard\libc_nano.a(libc_a-exit.o) (__stdio_exit_handler)
D:/STM32CubeIDE_1.18.1/STM32CubeIDE/plugins/com.st.stm32cube.ide.mcu.externaltools.gnu-tools-for-stm32.13.3.rel1.win32_1.0.0.202411081344/tools/bin/../lib/gcc/arm-none-eabi/13.3.1/../../../../arm-none-eabi/lib/thumb/v7e-m+dp/hard\libc_nano.a(libc_a-fwalk.o)
                              D:/STM32CubeIDE_1.18.1/STM32CubeIDE/plugins/com.st.stm32cube.ide.mcu.externaltools.gnu-tools-for-stm32.13.3.rel1.win32_1.0.0.202411081344/tools/bin/../lib/gcc/arm-none-eabi/13.3.1/../../../../arm-none-eabi/lib/thumb/v7e-m+dp/hard\libc_nano.a(libc_a-findfp.o) (_fwalk_sglue)
D:/STM32CubeIDE_1.18.1/STM32CubeIDE/plugins/com.st.stm32cube.ide.mcu.externaltools.gnu-tools-for-stm32.13.3.rel1.win32_1.0.0.202411081344/tools/bin/../lib/gcc/arm-none-eabi/13.3.1/../../../../arm-none-eabi/lib/thumb/v7e-m+dp/hard\libc_nano.a(libc_a-stdio.o)
                              D:/STM32CubeIDE_1.18.1/STM32CubeIDE/plugins/com.st.stm32cube.ide.mcu.externaltools.gnu-tools-for-stm32.13.3.rel1.win32_1.0.0.202411081344/tools/bin/../lib/gcc/arm-none-eabi/13.3.1/../../../../arm-none-eabi/lib/thumb/v7e-m+dp/hard\libc_nano.a(libc_a-findfp.o) (__sread)
D:/STM32CubeIDE_1.18.1/STM32CubeIDE/plugins/com.st.stm32cube.ide.mcu.externaltools.gnu-tools-for-stm32.13.3.rel1.win32_1.0.0.202411081344/tools/bin/../lib/gcc/arm-none-eabi/13.3.1/../../../../arm-none-eabi/lib/thumb/v7e-m+dp/hard\libc_nano.a(libc_a-vsnprintf.o)
                              ./Core/BTK_Driver/LCD_DRİVER/Src/lcd_driver.o (vsnprintf)
D:/STM32CubeIDE_1.18.1/STM32CubeIDE/plugins/com.st.stm32cube.ide.mcu.externaltools.gnu-tools-for-stm32.13.3.rel1.win32_1.0.0.202411081344/tools/bin/../lib/gcc/arm-none-eabi/13.3.1/../../../../arm-none-eabi/lib/thumb/v7e-m+dp/hard\libc_nano.a(libc_a-memset.o)
                              D:/STM32CubeIDE_1.18.1/STM32CubeIDE/plugins/com.st.stm32cube.ide.mcu.externaltools.gnu-tools-for-stm32.13.3.rel1.win32_1.0.0.202411081344/tools/bin/../lib/gcc/arm-none-eabi/13.3.1/../../../../arm-none-eabi/lib/thumb/v7e-m+dp/hard/crt0.o (memset)
D:/STM32CubeIDE_1.18.1/STM32CubeIDE/plugins/com.st.stm32cube.ide.mcu.externaltools.gnu-tools-for-stm32.13.3.rel1.win32_1.0.0.202411081344/tools/bin/../lib/gcc/arm-none-eabi/13.3.1/../../../../arm-none-eabi/lib/thumb/v7e-m+dp/hard\libc_nano.a(libc_a-strncpy.o)
                              ./Core/BTK_Driver/LCD_DRİVER/Src/lcd_driver.o (strncpy)
D:/STM32CubeIDE_1.18.1/STM32CubeIDE/plugins/com.st.stm32cube.ide.mcu.externaltools.gnu-tools-for-stm32.13.3.rel1.win32_1.0.0.202411081344/tools/bin/../lib/gcc/arm-none-eabi/13.3.1/../../../../arm-none-eabi/lib/thumb/v7e-m+dp/hard\libc_nano.a(libc_a-strstr.o)
                              ./Core/Src/main.o (strstr)
D:/STM32CubeIDE_1.18.1/STM32CubeIDE/plugins/com.st.stm32cube.ide.mcu.externaltools.gnu-tools-for-stm32.13.3.rel1.win32_1.0.0.202411081344/tools/bin/../lib/gcc/arm-none-eabi/13.3.1/../../../../arm-none-eabi/lib/thumb/v7e-m+dp/hard\libc_nano.a(libc_a-closer.o)
                              D:/STM32CubeIDE_1.18.1/STM32CubeIDE/plugins/com.st.stm32cube.ide.mcu.externaltools.gnu-tools-for-stm32.13.3.rel1.win32_1.0.0.202411081344/tools/bin/../lib/gcc/arm-none-eabi/13.3.1/../../../../arm-none-eabi/lib/thumb/v7e-m+dp/hard\libc_nano.a(libc_a-stdio.o) (_close_r)
D:/STM32CubeIDE_1.18.1/STM32CubeIDE/plugins/com.st.stm32cube.ide.mcu.externaltools.gnu-tools-for-stm32.13.3.rel1.win32_1.0.0.202411081344/tools/bin/../lib/gcc/arm-none-eabi/13.3.1/../../../../arm-none-eabi/lib/thumb/v7e-m+dp/hard\libc_nano.a(libc_a-reent.o)
                              D:/STM32CubeIDE_1.18.1/STM32CubeIDE/plugins/com.st.stm32cube.ide.mcu.externaltools.gnu-tools-for-stm32.13.3.rel1.win32_1.0.0.202411081344/tools/bin/../lib/gcc/arm-none-eabi/13.3.1/../../../../arm-none-eabi/lib/thumb/v7e-m+dp/hard\libc_nano.a(libc_a-closer.o) (errno)
[...]
Memory Configuration

Name             Origin             Length             Attributes
RAM              0x20000000         0x00080000         xrw
FLASH            0x08000000         0x00200000         xr
*default*        0x00000000         0xffffffff

Linker script and memory map

LOAD D:/STM32CubeIDE_1.18.1/STM32CubeIDE/plugins/com.st.stm32cube.ide.mcu.externaltools.gnu-tools-for-stm32.13.3.rel1.win32_1.0.0.202411081344/tools/bin/../lib/gcc/arm-none-eabi/13.3.1/thumb/v7e-m+dp/hard/crti.o
LOAD D:/STM32CubeIDE_1.18.1/STM32CubeIDE/plugins/com.st.stm32cube.ide.mcu.externaltools.gnu-tools-for-stm32.13.3.rel1.win32_1.0.0.202411081344/tools/bin/../lib/gcc/arm-none-eabi/13.3.1/thumb/v7e-m+dp/hard/crtbegin.o
LOAD D:/STM32CubeIDE_1.18.1/STM32CubeIDE/plugins/com.st.stm32cube.ide.mcu.externaltools.gnu-tools-for-stm32.13.3.rel1.win32_1.0.0.202411081344/tools/bin/../lib/gcc/arm-none-eabi/13.3.1/../../../../arm-none-eabi/lib/thumb/v7e-m+dp/hard/crt0.o
LOAD ./Core/BTK_Driver/Circular_Buffer/Src/circual_buffer.o
LOAD ./Core/BTK_Driver/IO_Driver/Src/IO_driver.o
LOAD ./Core/BTK_Driver/LCD_DRİVER/Src/lcd_driver.o
LOAD ./Core/BTK_Driver/dma_driver/Src/dma_driver.o
LOAD ./Core/BTK_Driver/uart_driver/Src/uart_ex.o
LOAD ./Core/Src/main.o
LOAD ./Core/Src/stm32f7xx_hal_msp.o
LOAD ./Core/Src/stm32f7xx_it.o
LOAD ./Core/Src/syscalls.o
LOAD ./Core/Src/sysmem.o
LOAD ./Core/Src/system_stm32f7xx.o
LOAD ./Core/Startup/startup_stm32f767zitx.o
LOAD ./Drivers/STM32F7xx_HAL_Driver/Src/stm32f7xx_hal.o
LOAD ./Drivers/STM32F7xx_HAL_Driver/Src/stm32f7xx_hal_adc.o
LOAD ./Drivers/STM32F7xx_HAL_Driver/Src/stm32f7xx_hal_adc_ex.o
LOAD ./Drivers/STM32F7xx_HAL_Driver/Src/stm32f7xx_hal_cortex.o
LOAD ./Drivers/STM32F7xx_HAL_Driver/Src/stm32f7xx_hal_dac.o
LOAD ./Drivers/STM32F7xx_HAL_Driver/Src/stm32f7xx_hal_dac_ex.o
LOAD ./Drivers/STM32F7xx_HAL_Driver/Src/stm32f7xx_hal_dma.o
LOAD ./Drivers/STM32F7xx_HAL_Driver/Src/stm32f7xx_hal_dma_ex.o
LOAD ./Drivers/STM32F7xx_HAL_Driver/Src/stm32f7xx_hal_eth.o
LOAD ./Drivers/STM32F7xx_HAL_Driver/Src/stm32f7xx_hal_exti.o
LOAD ./Drivers/STM32F7xx_HAL_Driver/Src/stm32f7xx_hal_flash.o
LOAD ./Drivers/STM32F7xx_HAL_Driver/Src/stm32f7xx_hal_flash_ex.o
LOAD ./Drivers/STM32F7xx_HAL_Driver/Src/stm32f7xx_hal_gpio.o
LOAD ./Drivers/STM32F7xx_HAL_Driver/Src/stm32f7xx_hal_i2c.o
LOAD ./Drivers/STM32F7xx_HAL_Driver/Src/stm32f7xx_hal_i2c_ex.o
LOAD ./Drivers/STM32F7xx_HAL_Driver/Src/stm32f7xx_hal_pcd.o
LOAD ./Drivers/STM32F7xx_HAL_Driver/Src/stm32f7xx_hal_pcd_ex.o
LOAD ./Drivers/STM32F7xx_HAL_Driver/Src/stm32f7xx_hal_pwr.o
LOAD ./Drivers/STM32F7xx_HAL_Driver/Src/stm32f7xx_hal_pwr_ex.o
LOAD ./Drivers/STM32F7xx_HAL_Driver/Src/stm32f7xx_hal_rcc.o
LOAD ./Drivers/STM32F7xx_HAL_Driver/Src/stm32f7xx_hal_rcc_ex.o
LOAD ./Drivers/STM32F7xx_HAL_Driver/Src/stm32f7xx_hal_uart.o
LOAD ./Drivers/STM32F7xx_HAL_Driver/Src/stm32f7xx_hal_uart_ex.o
LOAD ./Drivers/STM32F7xx_HAL_Driver/Src/stm32f7xx_ll_usb.o
START GROUP
LOAD D:/STM32CubeIDE_1.18.1/STM32CubeIDE/plugins/com.st.stm32cube.ide.mcu.externaltools.gnu-tools-for-stm32.13.3.rel1.win32_1.0.0.202411081344/tools/bin/../lib/gcc/arm-none-eabi/13.3.1/../../../../arm-none-eabi/lib/thumb/v7e-m+dp/hard\libc_nano.a
LOAD D:/STM32CubeIDE_1.18.1/STM32CubeIDE/plugins/com.st.stm32cube.ide.mcu.externaltools.gnu-tools-for-stm32.13.3.rel1.win32_1.0.0.202411081344/tools/bin/../lib/gcc/arm-none-eabi/13.3.1/../../../../arm-none-eabi/lib/thumb/v7e-m+dp/hard\libm.a
END GROUP
START GROUP
LOAD D:/STM32CubeIDE_1.18.1/STM32CubeIDE/plugins/com.st.stm32cube.ide.mcu.externaltools.gnu-tools-for-stm32.13.3.rel1.win32_1.0.0.202411081344/tools/bin/../lib/gcc/arm-none-eabi/13.3.1/thumb/v7e-m+dp/hard\libgcc.a
LOAD D:/STM32CubeIDE_1.18.1/STM32CubeIDE/plugins/com.st.stm32cube.ide.mcu.externaltools.gnu-tools-for-stm32.13.3.rel1.win32_1.0.0.202411081344/tools/bin/../lib/gcc/arm-none-eabi/13.3.1/../../../../arm-none-eabi/lib/thumb/v7e-m+dp/hard\libc_nano.a
END GROUP
START GROUP
LOAD D:/STM32CubeIDE_1.18.1/STM32CubeIDE/plugins/com.st.stm32cube.ide.mcu.externaltools.gnu-tools-for-stm32.13.3.rel1.win32_1.0.0.202411081344/tools/bin/../lib/gcc/arm-none-eabi/13.3.1/thumb/v7e-m+dp/hard\libgcc.a
LOAD D:/STM32CubeIDE_1.18.1/STM32CubeIDE/plugins/com.st.stm32cube.ide.mcu.externaltools.gnu-tools-for-stm32.13.3.rel1.win32_1.0.0.202411081344/tools/bin/../lib/gcc/arm-none-eabi/13.3.1/../../../../arm-none-eabi/lib/thumb/v7e-m+dp/hard\libc_nano.a
LOAD D:/STM32CubeIDE_1.18.1/STM32CubeIDE/plugins/com.st.stm32cube.ide.mcu.externaltools.gnu-tools-for-stm32.13.3.rel1.win32_1.0.0.202411081344/tools/bin/../lib/gcc/arm-none-eabi/13.3.1/../../../../arm-none-eabi/lib/thumb/v7e-m+dp/hard\libnosys.a
END GROUP
START GROUP
LOAD D:/STM32CubeIDE_1.18.1/STM32CubeIDE/plugins/com.st.stm32cube.ide.mcu.externaltools.gnu-tools-for-stm32.13.3.rel1.win32_1.0.0.202411081344/tools/bin/../lib/gcc/arm-none-eabi/13.3.1/thumb/v7e-m+dp/hard\libgcc.a
LOAD D:/STM32CubeIDE_1.18.1/STM32CubeIDE/plugins/com.st.stm32cube.ide.mcu.externaltools.gnu-tools-for-stm32.13.3.rel1.win32_1.0.0.202411081344/tools/bin/../lib/gcc/arm-none-eabi/13.3.1/../../../../arm-none-eabi/lib/thumb/v7e-m+dp/hard\libc_nano.a
LOAD D:/STM32CubeIDE_1.18.1/STM32CubeIDE/plugins/com.st.stm32cube.ide.mcu.externaltools.gnu-tools-for-stm32.13.3.rel1.win32_1.0.0.202411081344/tools/bin/../lib/gcc/arm-none-eabi/13.3.1/../../../../arm-none-eabi/lib/thumb/v7e-m+dp/hard\libnosys.a
END GROUP
LOAD D:/STM32CubeIDE_1.18.1/STM32CubeIDE/plugins/com.st.stm32cube.ide.mcu.externaltools.gnu-tools-for-stm32.13.3.rel1.win32_1.0.0.202411081344/tools/bin/../lib/gcc/arm-none-eabi/13.3.1/thumb/v7e-m+dp/hard/crtend.o
LOAD D:/STM32CubeIDE_1.18.1/STM32CubeIDE/plugins/com.st.stm32cube.ide.mcu.externaltools.gnu-tools-for-stm32.13.3.rel1.win32_1.0.0.202411081344/tools/bin/../lib/gcc/arm-none-eabi/13.3.1/thumb/v7e-m+dp/hard/crtn.o
                0x20080000                        _estack = (ORIGIN (RAM) + LENGTH (RAM))
                0x00000200                        _Min_Heap_Size = 0x200
                0x00000400                        _Min_Stack_Size = 0x400

.isr_vector     0x08000000      0x1f8
                0x08000000                        . = ALIGN (0x4)
 *(.isr_vector)
 .isr_vector    0x08000000      0x1f8 ./Core/Startup/startup_stm32f767zitx.o
                0x08000000                g_pfnVectors
                0x080001f8                        . = ALIGN (0x4)

.text           0x08000200     0x7f24
                0x08000200                        . = ALIGN (0x4)
 *(.text)
 .text          0x08000200       0x40 D:/STM32CubeIDE_1.18.1/STM32CubeIDE/plugins/com.st.stm32cube.ide.mcu.externaltools.gnu-tools-for-stm32.13.3.rel1.win32_1.0.0.202411081344/tools/bin/../lib/gcc/arm-none-eabi/13.3.1/thumb/v7e-m+dp/hard/crtbegin.o
 .text          0x08000240       0xa0 D:/STM32CubeIDE_1.18.1/STM32CubeIDE/plugins/com.st.stm32cube.ide.mcu.externaltools.gnu-tools-for-stm32.13.3.rel1.win32_1.0.0.202411081344/tools/bin/../lib/gcc/arm-none-eabi/13.3.1/../../../../arm-none-eabi/lib/thumb/v7e-m+dp/hard\libc_nano.a(libc_a-memchr.o)
                0x08000240                memchr
 .text          0x080002e0       0x30 D:/STM32CubeIDE_1.18.1/STM32CubeIDE/plugins/com.st.stm32cube.ide.mcu.externaltools.gnu-tools-for-stm32.13.3.rel1.win32_1.0.0.202411081344/tools/bin/../lib/gcc/arm-none-eabi/13.3.1/thumb/v7e-m+dp/hard\libgcc.a(_aeabi_uldivmod.o)
                0x080002e0                __aeabi_uldivmod
 .text          0x08000310      0x2f8 D:/STM32CubeIDE_1.18.1/STM32CubeIDE/plugins/com.st.stm32cube.ide.mcu.externaltools.gnu-tools-for-stm32.13.3.rel1.win32_1.0.0.202411081344/tools/bin/../lib/gcc/arm-none-eabi/13.3.1/thumb/v7e-m+dp/hard\libgcc.a(_udivmoddi4.o)
                0x08000310                __udivmoddi4
 .text          0x08000608        0x4 D:/STM32CubeIDE_1.18.1/STM32CubeIDE/plugins/com.st.stm32cube.ide.mcu.externaltools.gnu-tools-for-stm32.13.3.rel1.win32_1.0.0.202411081344/tools/bin/../lib/gcc/arm-none-eabi/13.3.1/thumb/v7e-m+dp/hard\libgcc.a(_dvmd_tls.o)
                0x08000608                __aeabi_idiv0
                0x08000608                __aeabi_ldiv0
 *(.text*)
 .text.Circular_Buffer_Init
                0x0800060c       0x2e ./Core/BTK_Driver/Circular_Buffer/Src/circual_buffer.o
                0x0800060c                Circular_Buffer_Init
 .text.Circular_Buffer_Is_Empty
                0x0800063a       0x2a ./Core/BTK_Driver/Circular_Buffer/Src/circual_buffer.o
                0x0800063a                Circular_Buffer_Is_Empty
 .text.Circular_Buffer_Is_Fully
                0x08000664       0x3a ./Core/BTK_Driver/Circular_Buffer/Src/circual_buffer.o
                0x08000664                Circular_Buffer_Is_Fully
 .text.Circular_Buffer_Enqueue
                0x0800069e       0x52 ./Core/BTK_Driver/Circular_Buffer/Src/circual_buffer.o
                0x0800069e                Circular_Buffer_Enqueue
 .text.Circular_Buffer_Dequeue
                0x080006f0       0x52 ./Core/BTK_Driver/Circular_Buffer/Src/circual_buffer.o
                0x080006f0                Circular_Buffer_Dequeue
 *fill*         0x08000742        0x2 
 .text.IO_İnitialization
                0x08000744       0x8c ./Core/BTK_Driver/IO_Driver/Src/IO_driver.o
                0x08000744                IO_İnitialization
 .text.IO_Status_Control
                0x080007d0       0x36 ./Core/BTK_Driver/IO_Driver/Src/IO_driver.o
                0x080007d0                IO_Status_Control
 .text.IO_İnput_Control_With_Debounce
                0x08000806       0x80 ./Core/BTK_Driver/IO_Driver/Src/IO_driver.o
                0x08000806                IO_İnput_Control_With_Debounce
 .text.IO_Output_Control
                0x08000886       0x22 ./Core/BTK_Driver/IO_Driver/Src/IO_driver.o
                0x08000886                IO_Output_Control
 .text.LCD_Initialization
                0x080008a8       0xac ./Core/BTK_Driver/LCD_DRİVER/Src/lcd_driver.o
                0x080008a8                LCD_Initialization
 .text.LCD_Send_InitNibble
                0x08000954       0x6a ./Core/BTK_Driver/LCD_DRİVER/Src/lcd_driver.o
                0x08000954                LCD_Send_InitNibble
 .text.LCD_Send_Command
                0x080009be       0xac ./Core/BTK_Driver/LCD_DRİVER/Src/lcd_driver.o
                0x080009be                LCD_Send_Command
 .text.LCD_Clear
                0x08000a6a       0x1e ./Core/BTK_Driver/LCD_DRİVER/Src/lcd_driver.o
                0x08000a6a                LCD_Clear
 .text.LCD_Set_Cursor
                0x08000a88       0x58 ./Core/BTK_Driver/LCD_DRİVER/Src/lcd_driver.o
                0x08000a88                LCD_Set_Cursor
 .text.LCD_Send_String
                0x08000ae0       0x2e ./Core/BTK_Driver/LCD_DRİVER/Src/lcd_driver.o
                0x08000ae0                LCD_Send_String
 .text.LCD_Send_Data
                0x08000b0e       0xb0 ./Core/BTK_Driver/LCD_DRİVER/Src/lcd_driver.o
                0x08000b0e                LCD_Send_Data
 .text.LCD_Backlight_On
                0x08000bbe       0x1e ./Core/BTK_Driver/LCD_DRİVER/Src/lcd_driver.o
                0x08000bbe                LCD_Backlight_On
 .text.LCD_Backlight_Off
                0x08000bdc       0x1e ./Core/BTK_Driver/LCD_DRİVER/Src/lcd_driver.o
                0x08000bdc                LCD_Backlight_Off
 *fill*         0x08000bfa        0x2 
 .text.ADC_Initialization
                0x08000bfc       0x88 ./Core/BTK_Driver/dma_driver/Src/dma_driver.o
                0x08000bfc                ADC_Initialization
 .text.ADC_DMA_Conversion
                0x08000c84      0x108 ./Core/BTK_Driver/dma_driver/Src/dma_driver.o
                0x08000c84                ADC_DMA_Conversion
 .text.MAP_Voltage_To_Percentage
                0x08000d8c       0x76 ./Core/BTK_Driver/dma_driver/Src/dma_driver.o
                0x08000d8c                MAP_Voltage_To_Percentage
 *fill*         0x08000e02        0x2 
 .text.HAL_ADC_ConvCpltCallback
                0x08000e04       0x28 ./Core/BTK_Driver/dma_driver/Src/dma_driver.o
                0x08000e04                HAL_ADC_ConvCpltCallback
 .text.HAL_ADC_ConvHalfCpltCallback
                0x08000e2c       0x14 ./Core/BTK_Driver/dma_driver/Src/dma_driver.o
                0x08000e2c                HAL_ADC_ConvHalfCpltCallback
 .text.UARTx_Init
                0x08000e40       0x64 ./Core/BTK_Driver/uart_driver/Src/uart_ex.o
                0x08000e40                UARTx_Init
 .text.UARTx_Write_Char
                0x08000ea4       0x6c ./Core/BTK_Driver/uart_driver/Src/uart_ex.o
                0x08000ea4                UARTx_Write_Char
 .text.UARTx_Put_String
                0x08000f10       0x30 ./Core/BTK_Driver/uart_driver/Src/uart_ex.o
                0x08000f10                UARTx_Put_String
 .text.UARTx_Printf
                0x08000f40       0x66 ./Core/BTK_Driver/uart_driver/Src/uart_ex.o
                0x08000f40                UARTx_Printf
 *fill*         0x08000fa6        0x2 
 .text.UARTx_ReadLine
                0x08000fa8       0xf4 ./Core/BTK_Driver/uart_driver/Src/uart_ex.o
                0x08000fa8                UARTx_ReadLine
 .text.main     0x0800109c      0x2d4 ./Core/Src/main.o
                0x0800109c                main
 .text.SystemClock_Config
                0x08001370       0xd4 ./Core/Src/main.o
                0x08001370                SystemClock_Config
 .text.MX_ADC1_Init
                0x08001444       0xfc ./Core/Src/main.o
 .text.MX_DAC_Init
                0x08001540       0x68 ./Core/Src/main.o
 .text.MX_ETH_Init
                0x080015a8       0x9c ./Core/Src/main.o
 .text.MX_I2C1_Init
                0x08001644       0x80 ./Core/Src/main.o
 .text.MX_USART3_UART_Init
                0x080016c4       0x60 ./Core/Src/main.o
 .text.MX_USB_OTG_FS_PCD_Init
                0x08001724       0x5c ./Core/Src/main.o
 .text.MX_DMA_Init
                0x08001780       0x3c ./Core/Src/main.o
 .text.MX_GPIO_Init
                0x080017bc      0x188 ./Core/Src/main.o
 .text.Error_Handler
                0x08001944        0xc ./Core/Src/main.o
                0x08001944                Error_Handler
 .text.HAL_MspInit
                0x08001950       0x48 ./Core/Src/stm32f7xx_hal_msp.o
                0x08001950                HAL_MspInit
 .text.HAL_ADC_MspInit
                0x08001998      0x12c ./Core/Src/stm32f7xx_hal_msp.o
                0x08001998                HAL_ADC_MspInit
 .text.HAL_DAC_MspInit
                0x08001ac4       0x80 ./Core/Src/stm32f7xx_hal_msp.o
                0x08001ac4                HAL_DAC_MspInit
 .text.HAL_ETH_MspInit
                0x08001b44      0x170 ./Core/Src/stm32f7xx_hal_msp.o
                0x08001b44                HAL_ETH_MspInit
 .text.HAL_I2C_MspInit
                0x08001cb4       0xc0 ./Core/Src/stm32f7xx_hal_msp.o
                0x08001cb4                HAL_I2C_MspInit
 .text.HAL_UART_MspInit
                0x08001d74       0xd0 ./Core/Src/stm32f7xx_hal_msp.o
                0x08001d74                HAL_UART_MspInit
 .text.HAL_PCD_MspInit
                0x08001e44       0xf4 ./Core/Src/stm32f7xx_hal_msp.o
                0x08001e44                HAL_PCD_MspInit
 .text.NMI_Handler
                0x08001f38        0x8 ./Core/Src/stm32f7xx_it.o
                0x08001f38                NMI_Handler
 .text.HardFault_Handler
                0x08001f40        0x8 ./Core/Src/stm32f7xx_it.o
                0x08001f40                HardFault_Handler
 .text.MemManage_Handler
                0x08001f48        0x8 ./Core/Src/stm32f7xx_it.o
                0x08001f48                MemManage_Handler
 .text.BusFault_Handler
                0x08001f50        0x8 ./Core/Src/stm32f7xx_it.o
                0x08001f50                BusFault_Handler
 .text.UsageFault_Handler
                0x08001f58        0x8 ./Core/Src/stm32f7xx_it.o
                0x08001f58                UsageFault_Handler
 .text.SVC_Handler
                0x08001f60        0xe ./Core/Src/stm32f7xx_it.o
                0x08001f60                SVC_Handler
 .text.DebugMon_Handler
                0x08001f6e        0xe ./Core/Src/stm32f7xx_it.o
                0x08001f6e                DebugMon_Handler
 .text.PendSV_Handler
                0x08001f7c        0xe ./Core/Src/stm32f7xx_it.o
                0x08001f7c                PendSV_Handler
 .text.SysTick_Handler
                0x08001f8a        0xc ./Core/Src/stm32f7xx_it.o
                0x08001f8a                SysTick_Handler
 .text.EXTI0_IRQHandler
                0x08001f96        0xe ./Core/Src/stm32f7xx_it.o
                0x08001f96                EXTI0_IRQHandler
 .text.ADC_IRQHandler
                0x08001fa4       0x14 ./Core/Src/stm32f7xx_it.o
                0x08001fa4                ADC_IRQHandler
 .text.USART3_IRQHandler
                0x08001fb8       0x9c ./Core/Src/stm32f7xx_it.o
                0x08001fb8                USART3_IRQHandler
 .text.DMA2_Stream0_IRQHandler
                0x08002054       0x14 ./Core/Src/stm32f7xx_it.o
                0x08002054                DMA2_Stream0_IRQHandler
 .text._sbrk    0x08002068       0x6c ./Core/Src/sysmem.o
                0x08002068                _sbrk
 .text.SystemInit
                0x080020d4       0x24 ./Core/Src/system_stm32f7xx.o
                0x080020d4                SystemInit
 .text.Reset_Handler
                0x080020f8       0x50 ./Core/Startup/startup_stm32f767zitx.o
                0x080020f8                Reset_Handler
 .text.Default_Handler
                0x08002148        0x2 ./Core/Startup/startup_stm32f767zitx.o
                0x08002148                RTC_Alarm_IRQHandler
                0x08002148                EXTI2_IRQHandler
                0x08002148                TIM8_CC_IRQHandler
                0x08002148                UART8_IRQHandler
                0x08002148                SPI4_IRQHandler
                0x08002148                TIM1_CC_IRQHandler
                0x08002148                DMA2_Stream5_IRQHandler
                0x08002148                JPEG_IRQHandler
                0x08002148                DMA1_Stream5_IRQHandler
                0x08002148                CAN3_RX1_IRQHandler
                0x08002148                PVD_IRQHandler
                0x08002148                TAMP_STAMP_IRQHandler
                0x08002148                CAN2_RX1_IRQHandler
                0x08002148                EXTI3_IRQHandler
                0x08002148                TIM8_TRG_COM_TIM14_IRQHandler
                0x08002148                DFSDM1_FLT1_IRQHandler
                0x08002148                TIM1_UP_TIM10_IRQHandler
                0x08002148                TIM8_UP_TIM13_IRQHandler
                0x08002148                I2C3_ER_IRQHandler
                0x08002148                DFSDM1_FLT2_IRQHandler
                0x08002148                I2C2_EV_IRQHandler
                0x08002148                DMA1_Stream2_IRQHandler
                0x08002148                CAN1_RX0_IRQHandler
                0x08002148                FPU_IRQHandler
                0x08002148                OTG_HS_WKUP_IRQHandler
                0x08002148                CAN3_SCE_IRQHandler
                0x08002148                LTDC_ER_IRQHandler
                0x08002148                CAN2_SCE_IRQHandler
                0x08002148                DMA2_Stream2_IRQHandler
                0x08002148                SPI1_IRQHandler
                0x08002148                TIM6_DAC_IRQHandler
                0x08002148                TIM1_BRK_TIM9_IRQHandler
                0x08002148                DCMI_IRQHandler
                0x08002148                CAN2_RX0_IRQHandler
                0x08002148                DMA2_Stream3_IRQHandler
                0x08002148                SAI2_IRQHandler
                0x08002148                DFSDM1_FLT3_IRQHandler
                0x08002148                USART6_IRQHandler
                0x08002148                CAN3_RX0_IRQHandler
                0x08002148                CAN1_RX1_IRQHandler
                0x08002148                UART5_IRQHandler
                0x08002148                TIM4_IRQHandler
                0x08002148                QUADSPI_IRQHandler
                0x08002148                I2C1_EV_IRQHandler
                0x08002148                DMA1_Stream6_IRQHandler
                0x08002148                DMA1_Stream1_IRQHandler
                0x08002148                UART4_IRQHandler
                0x08002148                TIM3_IRQHandler
                0x08002148                RCC_IRQHandler
                0x08002148                TIM8_BRK_TIM12_IRQHandler
                0x08002148                Default_Handler
                0x08002148                CEC_IRQHandler
                0x08002148                EXTI15_10_IRQHandler
                0x08002148                DMA1_Stream7_IRQHandler
                0x08002148                SPI5_IRQHandler
                0x08002148                TIM7_IRQHandler
                0x08002148                SDMMC1_IRQHandler
                0x08002148                CAN2_TX_IRQHandler
                0x08002148                TIM5_IRQHandler
                0x08002148                DMA2_Stream7_IRQHandler
                0x08002148                I2C3_EV_IRQHandler
                0x08002148                EXTI9_5_IRQHandler
                0x08002148                RTC_WKUP_IRQHandler
                0x08002148                LTDC_IRQHandler
                0x08002148                ETH_WKUP_IRQHandler
                0x08002148                SPDIF_RX_IRQHandler
                0x08002148                SPI2_IRQHandler
                0x08002148                OTG_HS_EP1_IN_IRQHandler
                0x08002148                DMA1_Stream0_IRQHandler
                0x08002148                CAN1_TX_IRQHandler
                0x08002148                EXTI4_IRQHandler
                0x08002148                RNG_IRQHandler
                0x08002148                ETH_IRQHandler
                0x08002148                OTG_HS_EP1_OUT_IRQHandler
                0x08002148                WWDG_IRQHandler
                0x08002148                SPI6_IRQHandler
                0x08002148                MDIOS_IRQHandler
                0x08002148                I2C4_EV_IRQHandler
                0x08002148                CAN3_TX_IRQHandler
                0x08002148                TIM2_IRQHandler
                0x08002148                OTG_FS_WKUP_IRQHandler
                0x08002148                TIM1_TRG_COM_TIM11_IRQHandler
                0x08002148                OTG_HS_IRQHandler
                0x08002148                DMA2D_IRQHandler
                0x08002148                EXTI1_IRQHandler
                0x08002148                SDMMC2_IRQHandler
                0x08002148                UART7_IRQHandler
                0x08002148                USART2_IRQHandler
                0x08002148                DFSDM1_FLT0_IRQHandler
                0x08002148                I2C2_ER_IRQHandler
                0x08002148                DMA2_Stream1_IRQHandler
                0x08002148                CAN1_SCE_IRQHandler
                0x08002148                FLASH_IRQHandler
                0x08002148                DMA2_Stream4_IRQHandler
                0x08002148                USART1_IRQHandler
                0x08002148                OTG_FS_IRQHandler
                0x08002148                SPI3_IRQHandler
                0x08002148                DMA1_Stream4_IRQHandler
                0x08002148                I2C1_ER_IRQHandler
                0x08002148                FMC_IRQHandler
                0x08002148                LPTIM1_IRQHandler
                0x08002148                I2C4_ER_IRQHandler
                0x08002148                DMA2_Stream6_IRQHandler
                0x08002148                SAI1_IRQHandler
                0x08002148                DMA1_Stream3_IRQHandler
 .text.HAL_Init
                0x0800214a       0x1a ./Drivers/STM32F7xx_HAL_Driver/Src/stm32f7xx_hal.o
                0x0800214a                HAL_Init
 .text.HAL_InitTick
                0x08002164       0x60 ./Drivers/STM32F7xx_HAL_Driver/Src/stm32f7xx_hal.o
                0x08002164                HAL_InitTick
 .text.HAL_IncTick
                0x080021c4       0x28 ./Drivers/STM32F7xx_HAL_Driver/Src/stm32f7xx_hal.o
                0x080021c4                HAL_IncTick
 .text.HAL_GetTick
                0x080021ec       0x18 ./Drivers/STM32F7xx_HAL_Driver/Src/stm32f7xx_hal.o
                0x080021ec                HAL_GetTick
 .text.HAL_Delay
                0x08002204       0x48 ./Drivers/STM32F7xx_HAL_Driver/Src/stm32f7xx_hal.o
                0x08002204                HAL_Delay
 .text.HAL_ADC_Init
                0x0800224c       0x88 ./Drivers/STM32F7xx_HAL_Driver/Src/stm32f7xx_hal_adc.o
                0x0800224c                HAL_ADC_Init
 .text.HAL_ADC_IRQHandler
                0x080022d4      0x220 ./Drivers/STM32F7xx_HAL_Driver/Src/stm32f7xx_hal_adc.o
                0x080022d4                HAL_ADC_IRQHandler
 .text.HAL_ADC_Start_DMA
                0x080024f4      0x1fc ./Drivers/STM32F7xx_HAL_Driver/Src/stm32f7xx_hal_adc.o
                0x080024f4                HAL_ADC_Start_DMA
 .text.HAL_ADC_LevelOutOfWindowCallback
                0x080026f0       0x14 ./Drivers/STM32F7xx_HAL_Driver/Src/stm32f7xx_hal_adc.o
                0x080026f0                HAL_ADC_LevelOutOfWindowCallback
 .text.HAL_ADC_ErrorCallback
                0x08002704       0x14 ./Drivers/STM32F7xx_HAL_Driver/Src/stm32f7xx_hal_adc.o
                0x08002704                HAL_ADC_ErrorCallback
 .text.HAL_ADC_ConfigChannel
                0x08002718      0x2b4 ./Drivers/STM32F7xx_HAL_Driver/Src/stm32f7xx_hal_adc.o
                0x08002718                HAL_ADC_ConfigChannel
 .text.ADC_Init
                0x080029cc      0x1f4 ./Drivers/STM32F7xx_HAL_Driver/Src/stm32f7xx_hal_adc.o
 .text.ADC_DMAConvCplt
                0x08002bc0       0xba ./Drivers/STM32F7xx_HAL_Driver/Src/stm32f7xx_hal_adc.o
 .text.ADC_DMAHalfConvCplt
                0x08002c7a       0x1c ./Drivers/STM32F7xx_HAL_Driver/Src/stm32f7xx_hal_adc.o
 .text.ADC_DMAError
                0x08002c96       0x2e ./Drivers/STM32F7xx_HAL_Driver/Src/stm32f7xx_hal_adc.o
 .text.HAL_ADCEx_InjectedConvCpltCallback
                0x08002cc4       0x14 ./Drivers/STM32F7xx_HAL_Driver/Src/stm32f7xx_hal_adc_ex.o
                0x08002cc4                HAL_ADCEx_InjectedConvCpltCallback
 .text.__NVIC_SetPriorityGrouping
                0x08002cd8       0x48 ./Drivers/STM32F7xx_HAL_Driver/Src/stm32f7xx_hal_cortex.o
 .text.__NVIC_GetPriorityGrouping
                0x08002d20       0x1c ./Drivers/STM32F7xx_HAL_Driver/Src/stm32f7xx_hal_cortex.o
 .text.__NVIC_EnableIRQ
                0x08002d3c       0x3c ./Drivers/STM32F7xx_HAL_Driver/Src/stm32f7xx_hal_cortex.o
 .text.__NVIC_SetPriority
                0x08002d78       0x54 ./Drivers/STM32F7xx_HAL_Driver/Src/stm32f7xx_hal_cortex.o
 .text.NVIC_EncodePriority
                0x08002dcc       0x66 ./Drivers/STM32F7xx_HAL_Driver/Src/stm32f7xx_hal_cortex.o
 *fill*         0x08002e32        0x2 
 .text.SysTick_Config
                0x08002e34       0x44 ./Drivers/STM32F7xx_HAL_Driver/Src/stm32f7xx_hal_cortex.o
 .text.HAL_NVIC_SetPriorityGrouping
                0x08002e78       0x16 ./Drivers/STM32F7xx_HAL_Driver/Src/stm32f7xx_hal_cortex.o
                0x08002e78                HAL_NVIC_SetPriorityGrouping
 .text.HAL_NVIC_SetPriority
                0x08002e8e       0x38 ./Drivers/STM32F7xx_HAL_Driver/Src/stm32f7xx_hal_cortex.o
                0x08002e8e                HAL_NVIC_SetPriority
 .text.HAL_NVIC_EnableIRQ
                0x08002ec6       0x1c ./Drivers/STM32F7xx_HAL_Driver/Src/stm32f7xx_hal_cortex.o
                0x08002ec6                HAL_NVIC_EnableIRQ
 .text.HAL_SYSTICK_Config
                0x08002ee2       0x18 ./Drivers/STM32F7xx_HAL_Driver/Src/stm32f7xx_hal_cortex.o
                0x08002ee2                HAL_SYSTICK_Config
 .text.HAL_DAC_Init
                0x08002efa       0x44 ./Drivers/STM32F7xx_HAL_Driver/Src/stm32f7xx_hal_dac.o
                0x08002efa                HAL_DAC_Init
 .text.HAL_DAC_Start
                0x08002f3e       0xae ./Drivers/STM32F7xx_HAL_Driver/Src/stm32f7xx_hal_dac.o
                0x08002f3e                HAL_DAC_Start
 .text.HAL_DAC_SetValue
                0x08002fec       0x54 ./Drivers/STM32F7xx_HAL_Driver/Src/stm32f7xx_hal_dac.o
                0x08002fec                HAL_DAC_SetValue
 .text.HAL_DAC_ConfigChannel
                0x08003040       0xb2 ./Drivers/STM32F7xx_HAL_Driver/Src/stm32f7xx_hal_dac.o
                0x08003040                HAL_DAC_ConfigChannel
 *fill*         0x080030f2        0x2 
 .text.HAL_DMA_Init
                0x080030f4      0x15c ./Drivers/STM32F7xx_HAL_Driver/Src/stm32f7xx_hal_dma.o
                0x080030f4                HAL_DMA_Init
 .text.HAL_DMA_Start_IT
                0x08003250       0xc0 ./Drivers/STM32F7xx_HAL_Driver/Src/stm32f7xx_hal_dma.o
                0x08003250                HAL_DMA_Start_IT
 .text.HAL_DMA_Abort
                0x08003310       0xe0 ./Drivers/STM32F7xx_HAL_Driver/Src/stm32f7xx_hal_dma.o
                0x08003310                HAL_DMA_Abort
 .text.HAL_DMA_Abort_IT
                0x080033f0       0x44 ./Drivers/STM32F7xx_HAL_Driver/Src/stm32f7xx_hal_dma.o
                0x080033f0                HAL_DMA_Abort_IT
 .text.HAL_DMA_IRQHandler
                0x08003434      0x314 ./Drivers/STM32F7xx_HAL_Driver/Src/stm32f7xx_hal_dma.o
                0x08003434                HAL_DMA_IRQHandler
 .text.DMA_SetConfig
                0x08003748       0x5c ./Drivers/STM32F7xx_HAL_Driver/Src/stm32f7xx_hal_dma.o
 .text.DMA_CalcBaseAndBitshift
                0x080037a4       0x6c ./Drivers/STM32F7xx_HAL_Driver/Src/stm32f7xx_hal_dma.o
 .text.DMA_CheckFifoParam
                0x08003810       0xf8 ./Drivers/STM32F7xx_HAL_Driver/Src/stm32f7xx_hal_dma.o
 .text.HAL_ETH_Init
                0x08003908      0x134 ./Drivers/STM32F7xx_HAL_Driver/Src/stm32f7xx_hal_eth.o
                0x08003908                HAL_ETH_Init
 .text.ETH_SetMACConfig
                0x08003a3c      0x168 ./Drivers/STM32F7xx_HAL_Driver/Src/stm32f7xx_hal_eth.o
 .text.ETH_SetDMAConfig
                0x08003ba4      0x114 ./Drivers/STM32F7xx_HAL_Driver/Src/stm32f7xx_hal_eth.o
 .text.ETH_MACDMAConfig
                0x08003cb8       0xea ./Drivers/STM32F7xx_HAL_Driver/Src/stm32f7xx_hal_eth.o
 *fill*         0x08003da2        0x2 
 .text.ETH_MACAddressConfig
                0x08003da4       0x70 ./Drivers/STM32F7xx_HAL_Driver/Src/stm32f7xx_hal_eth.o
 .text.ETH_DMATxDescListInit
                0x08003e14       0xb2 ./Drivers/STM32F7xx_HAL_Driver/Src/stm32f7xx_hal_eth.o
 .text.ETH_DMARxDescListInit
                0x08003ec6       0xde ./Drivers/STM32F7xx_HAL_Driver/Src/stm32f7xx_hal_eth.o
 .text.HAL_GPIO_Init
                0x08003fa4      0x358 ./Drivers/STM32F7xx_HAL_Driver/Src/stm32f7xx_hal_gpio.o
                0x08003fa4                HAL_GPIO_Init
 .text.HAL_GPIO_ReadPin
                0x080042fc       0x30 ./Drivers/STM32F7xx_HAL_Driver/Src/stm32f7xx_hal_gpio.o
                0x080042fc                HAL_GPIO_ReadPin
 .text.HAL_GPIO_WritePin
                0x0800432c       0x32 ./Drivers/STM32F7xx_HAL_Driver/Src/stm32f7xx_hal_gpio.o
                0x0800432c                HAL_GPIO_WritePin
 .text.HAL_GPIO_TogglePin
                0x0800435e       0x34 ./Drivers/STM32F7xx_HAL_Driver/Src/stm32f7xx_hal_gpio.o
                0x0800435e                HAL_GPIO_TogglePin
 *fill*         0x08004392        0x2 
 .text.HAL_GPIO_EXTI_IRQHandler
                0x08004394       0x30 ./Drivers/STM32F7xx_HAL_Driver/Src/stm32f7xx_hal_gpio.o
                0x08004394                HAL_GPIO_EXTI_IRQHandler
 .text.HAL_GPIO_EXTI_Callback
                0x080043c4       0x16 ./Drivers/STM32F7xx_HAL_Driver/Src/stm32f7xx_hal_gpio.o
                0x080043c4                HAL_GPIO_EXTI_Callback
 *fill*         0x080043da        0x2 
 .text.HAL_I2C_Init
                0x080043dc      0x138 ./Drivers/STM32F7xx_HAL_Driver/Src/stm32f7xx_hal_i2c.o
                0x080043dc                HAL_I2C_Init
 .text.HAL_I2C_Master_Transmit
                0x08004514      0x230 ./Drivers/STM32F7xx_HAL_Driver/Src/stm32f7xx_hal_i2c.o
                0x08004514                HAL_I2C_Master_Transmit
 .text.I2C_Flush_TXDR
                0x08004744       0x48 ./Drivers/STM32F7xx_HAL_Driver/Src/stm32f7xx_hal_i2c.o
 .text.I2C_WaitOnFlagUntilTimeout
                0x0800478c       0xb2 ./Drivers/STM32F7xx_HAL_Driver/Src/stm32f7xx_hal_i2c.o
 .text.I2C_WaitOnTXISFlagUntilTimeout
                0x0800483e       0x8e ./Drivers/STM32F7xx_HAL_Driver/Src/stm32f7xx_hal_i2c.o
 .text.I2C_WaitOnSTOPFlagUntilTimeout
                0x080048cc       0x86 ./Drivers/STM32F7xx_HAL_Driver/Src/stm32f7xx_hal_i2c.o
 *fill*         0x08004952        0x2 
 .text.I2C_IsErrorOccurred
                0x08004954      0x1c0 ./Drivers/STM32F7xx_HAL_Driver/Src/stm32f7xx_hal_i2c.o
 .text.I2C_TransferConfig
                0x08004b14       0x64 ./Drivers/STM32F7xx_HAL_Driver/Src/stm32f7xx_hal_i2c.o
 .text.HAL_I2CEx_ConfigAnalogFilter
                0x08004b78       0x96 ./Drivers/STM32F7xx_HAL_Driver/Src/stm32f7xx_hal_i2c_ex.o
                0x08004b78                HAL_I2CEx_ConfigAnalogFilter
 .text.HAL_I2CEx_ConfigDigitalFilter
                0x08004c0e       0x98 ./Drivers/STM32F7xx_HAL_Driver/Src/stm32f7xx_hal_i2c_ex.o
                0x08004c0e                HAL_I2CEx_ConfigDigitalFilter
 .text.HAL_PCD_Init
                0x08004ca6      0x22c ./Drivers/STM32F7xx_HAL_Driver/Src/stm32f7xx_hal_pcd.o
                0x08004ca6                HAL_PCD_Init
 *fill*         0x08004ed2        0x2 
 .text.HAL_PCDEx_ActivateLPM
                0x08004ed4       0x48 ./Drivers/STM32F7xx_HAL_Driver/Src/stm32f7xx_hal_pcd_ex.o
                0x08004ed4                HAL_PCDEx_ActivateLPM
 .text.HAL_RCC_OscConfig
                0x08004f1c      0x55c ./Drivers/STM32F7xx_HAL_Driver/Src/stm32f7xx_hal_rcc.o
                0x08004f1c                HAL_RCC_OscConfig
 .text.HAL_RCC_ClockConfig
                0x08005478      0x1d8 ./Drivers/STM32F7xx_HAL_Driver/Src/stm32f7xx_hal_rcc.o
                0x08005478                HAL_RCC_ClockConfig
 .text.HAL_RCC_GetSysClockFreq
                0x08005650      0x20c ./Drivers/STM32F7xx_HAL_Driver/Src/stm32f7xx_hal_rcc.o
                0x08005650                HAL_RCC_GetSysClockFreq
 .text.HAL_RCC_GetHCLKFreq
                0x0800585c       0x18 ./Drivers/STM32F7xx_HAL_Driver/Src/stm32f7xx_hal_rcc.o
                0x0800585c                HAL_RCC_GetHCLKFreq
 .text.HAL_RCC_GetPCLK1Freq
                0x08005874       0x28 ./Drivers/STM32F7xx_HAL_Driver/Src/stm32f7xx_hal_rcc.o
                0x08005874                HAL_RCC_GetPCLK1Freq
 .text.HAL_RCC_GetPCLK2Freq
                0x0800589c       0x28 ./Drivers/STM32F7xx_HAL_Driver/Src/stm32f7xx_hal_rcc.o
                0x0800589c                HAL_RCC_GetPCLK2Freq
 .text.HAL_RCCEx_PeriphCLKConfig
                0x080058c4      0x850 ./Drivers/STM32F7xx_HAL_Driver/Src/stm32f7xx_hal_rcc_ex.o
                0x080058c4                HAL_RCCEx_PeriphCLKConfig
 .text.HAL_UART_Init
                0x08006114       0x9c ./Drivers/STM32F7xx_HAL_Driver/Src/stm32f7xx_hal_uart.o
                0x08006114                HAL_UART_Init
 .text.HAL_UART_IRQHandler
                0x080061b0      0x604 ./Drivers/STM32F7xx_HAL_Driver/Src/stm32f7xx_hal_uart.o
                0x080061b0                HAL_UART_IRQHandler
 .text.HAL_UART_TxCpltCallback
                0x080067b4       0x14 ./Drivers/STM32F7xx_HAL_Driver/Src/stm32f7xx_hal_uart.o
                0x080067b4                HAL_UART_TxCpltCallback
 .text.HAL_UART_ErrorCallback
                0x080067c8       0x14 ./Drivers/STM32F7xx_HAL_Driver/Src/stm32f7xx_hal_uart.o
                0x080067c8                HAL_UART_ErrorCallback
 .text.HAL_UARTEx_RxEventCallback
                0x080067dc       0x18 ./Drivers/STM32F7xx_HAL_Driver/Src/stm32f7xx_hal_uart.o
                0x080067dc                HAL_UARTEx_RxEventCallback
 .text.HAL_UARTEx_WakeupCallback
                0x080067f4       0x14 ./Drivers/STM32F7xx_HAL_Driver/Src/stm32f7xx_hal_uart.o
                0x080067f4                HAL_UARTEx_WakeupCallback
 .text.UART_SetConfig
                0x08006808      0x4c8 ./Drivers/STM32F7xx_HAL_Driver/Src/stm32f7xx_hal_uart.o
                0x08006808                UART_SetConfig
 .text.UART_AdvFeatureConfig
                0x08006cd0      0x144 ./Drivers/STM32F7xx_HAL_Driver/Src/stm32f7xx_hal_uart.o
                0x08006cd0                UART_AdvFeatureConfig
 .text.UART_CheckIdleState
                0x08006e14      0x150 ./Drivers/STM32F7xx_HAL_Driver/Src/stm32f7xx_hal_uart.o
                0x08006e14                UART_CheckIdleState
 .text.UART_WaitOnFlagUntilTimeout
                0x08006f64       0xda ./Drivers/STM32F7xx_HAL_Driver/Src/stm32f7xx_hal_uart.o
                0x08006f64                UART_WaitOnFlagUntilTimeout
 .text.UART_EndRxTransfer
                0x0800703e       0xc8 ./Drivers/STM32F7xx_HAL_Driver/Src/stm32f7xx_hal_uart.o
 .text.UART_DMAAbortOnError
                0x08007106       0x24 ./Drivers/STM32F7xx_HAL_Driver/Src/stm32f7xx_hal_uart.o
 .text.UART_EndTransmit_IT
                0x0800712a       0x54 ./Drivers/STM32F7xx_HAL_Driver/Src/stm32f7xx_hal_uart.o
 *fill*         0x0800717e        0x2 
 .text.USB_CoreInit
                0x08007180       0xb4 ./Drivers/STM32F7xx_HAL_Driver/Src/stm32f7xx_ll_usb.o
                0x08007180                USB_CoreInit
 .text.USB_DisableGlobalInt
                0x08007234       0x22 ./Drivers/STM32F7xx_HAL_Driver/Src/stm32f7xx_ll_usb.o
                0x08007234                USB_DisableGlobalInt
 .text.USB_SetCurrentMode
                0x08007256       0x98 ./Drivers/STM32F7xx_HAL_Driver/Src/stm32f7xx_ll_usb.o
                0x08007256                USB_SetCurrentMode
 *fill*         0x080072ee        0x2 
 .text.USB_DevInit
                0x080072f0      0x2bc ./Drivers/STM32F7xx_HAL_Driver/Src/stm32f7xx_ll_usb.o
                0x080072f0                USB_DevInit
 .text.USB_FlushTxFifo
                0x080075ac       0x64 ./Drivers/STM32F7xx_HAL_Driver/Src/stm32f7xx_ll_usb.o
                0x080075ac                USB_FlushTxFifo
 .text.USB_FlushRxFifo
                0x08007610       0x5c ./Drivers/STM32F7xx_HAL_Driver/Src/stm32f7xx_ll_usb.o
                0x08007610                USB_FlushRxFifo
 .text.USB_SetDevSpeed
                0x0800766c       0x32 ./Drivers/STM32F7xx_HAL_Driver/Src/stm32f7xx_ll_usb.o
                0x0800766c                USB_SetDevSpeed
 .text.USB_DevDisconnect
                0x0800769e       0x42 ./Drivers/STM32F7xx_HAL_Driver/Src/stm32f7xx_ll_usb.o
                0x0800769e                USB_DevDisconnect
 .text.USB_GetMode
                0x080076e0       0x1c ./Drivers/STM32F7xx_HAL_Driver/Src/stm32f7xx_ll_usb.o
                0x080076e0                USB_GetMode
 .text.USB_CoreReset
                0x080076fc       0x70 ./Drivers/STM32F7xx_HAL_Driver/Src/stm32f7xx_ll_usb.o
 .text._vsnprintf_r
                0x0800776c       0x5c D:/STM32CubeIDE_1.18.1/STM32CubeIDE/plugins/com.st.stm32cube.ide.mcu.externaltools.gnu-tools-for-stm32.13.3.rel1.win32_1.0.0.202411081344/tools/bin/../lib/gcc/arm-none-eabi/13.3.1/../../../../arm-none-eabi/lib/thumb/v7e-m+dp/hard\libc_nano.a(libc_a-vsnprintf.o)
                0x0800776c                _vsniprintf_r
                0x0800776c                _vsnprintf_r
 .text.vsnprintf
                0x080077c8       0x1c D:/STM32CubeIDE_1.18.1/STM32CubeIDE/plugins/com.st.stm32cube.ide.mcu.externaltools.gnu-tools-for-stm32.13.3.rel1.win32_1.0.0.202411081344/tools/bin/../lib/gcc/arm-none-eabi/13.3.1/../../../../arm-none-eabi/lib/thumb/v7e-m+dp/hard\libc_nano.a(libc_a-vsnprintf.o)
                0x080077c8                vsniprintf
                0x080077c8                vsnprintf
 .text.memset   0x080077e4       0x10 D:/STM32CubeIDE_1.18.1/STM32CubeIDE/plugins/com.st.stm32cube.ide.mcu.externaltools.gnu-tools-for-stm32.13.3.rel1.win32_1.0.0.202411081344/tools/bin/../lib/gcc/arm-none-eabi/13.3.1/../../../../arm-none-eabi/lib/thumb/v7e-m+dp/hard\libc_nano.a(libc_a-memset.o)
                0x080077e4                memset
 .text.strstr   0x080077f4       0x2c D:/STM32CubeIDE_1.18.1/STM32CubeIDE/plugins/com.st.stm32cube.ide.mcu.externaltools.gnu-tools-for-stm32.13.3.rel1.win32_1.0.0.202411081344/tools/bin/../lib/gcc/arm-none-eabi/13.3.1/../../../../arm-none-eabi/lib/thumb/v7e-m+dp/hard\libc_nano.a(libc_a-strstr.o)
                0x080077f4                strstr
 .text.__errno  0x08007820        0xc D:/STM32CubeIDE_1.18.1/STM32CubeIDE/plugins/com.st.stm32cube.ide.mcu.externaltools.gnu-tools-for-stm32.13.3.rel1.win32_1.0.0.202411081344/tools/bin/../lib/gcc/arm-none-eabi/13.3.1/../../../../arm-none-eabi/lib/thumb/v7e-m+dp/hard\libc_nano.a(libc_a-errno.o)
                0x08007820                __errno
 .text.__libc_init_array
                0x0800782c       0x48 D:/STM32CubeIDE_1.18.1/STM32CubeIDE/plugins/com.st.stm32cube.ide.mcu.externaltools.gnu-tools-for-stm32.13.3.rel1.win32_1.0.0.202411081344/tools/bin/../lib/gcc/arm-none-eabi/13.3.1/../../../../arm-none-eabi/lib/thumb/v7e-m+dp/hard\libc_nano.a(libc_a-init.o)
                0x0800782c                __libc_init_array
 .text.__retarget_lock_acquire_recursive
                0x08007874        0x2 D:/STM32CubeIDE_1.18.1/STM32CubeIDE/plugins/com.st.stm32cube.ide.mcu.externaltools.gnu-tools-for-stm32.13.3.rel1.win32_1.0.0.202411081344/tools/bin/../lib/gcc/arm-none-eabi/13.3.1/../../../../arm-none-eabi/lib/thumb/v7e-m+dp/hard\libc_nano.a(libc_a-lock.o)
                0x08007874                __retarget_lock_acquire_recursive
 .text.__retarget_lock_release_recursive
                0x08007876        0x2 D:/STM32CubeIDE_1.18.1/STM32CubeIDE/plugins/com.st.stm32cube.ide.mcu.externaltools.gnu-tools-for-stm32.13.3.rel1.win32_1.0.0.202411081344/tools/bin/../lib/gcc/arm-none-eabi/13.3.1/../../../../arm-none-eabi/lib/thumb/v7e-m+dp/hard\libc_nano.a(libc_a-lock.o)
                0x08007876                __retarget_lock_release_recursive
 .text._free_r  0x08007878       0x94 D:/STM32CubeIDE_1.18.1/STM32CubeIDE/plugins/com.st.stm32cube.ide.mcu.externaltools.gnu-tools-for-stm32.13.3.rel1.win32_1.0.0.202411081344/tools/bin/../lib/gcc/arm-none-eabi/13.3.1/../../../../arm-none-eabi/lib/thumb/v7e-m+dp/hard\libc_nano.a(libc_a-freer.o)
                0x08007878                _free_r
 .text.sbrk_aligned
                0x0800790c       0x44 D:/STM32CubeIDE_1.18.1/STM32CubeIDE/plugins/com.st.stm32cube.ide.mcu.externaltools.gnu-tools-for-stm32.13.3.rel1.win32_1.0.0.202411081344/tools/bin/../lib/gcc/arm-none-eabi/13.3.1/../../../../arm-none-eabi/lib/thumb/v7e-m+dp/hard\libc_nano.a(libc_a-mallocr.o)
 .text._malloc_r
                0x08007950      0x100 D:/STM32CubeIDE_1.18.1/STM32CubeIDE/plugins/com.st.stm32cube.ide.mcu.externaltools.gnu-tools-for-stm32.13.3.rel1.win32_1.0.0.202411081344/tools/bin/../lib/gcc/arm-none-eabi/13.3.1/../../../../arm-none-eabi/lib/thumb/v7e-m+dp/hard\libc_nano.a(libc_a-mallocr.o)
                0x08007950                _malloc_r
 .text.__malloc_lock
                0x08007a50        0xc D:/STM32CubeIDE_1.18.1/STM32CubeIDE/plugins/com.st.stm32cube.ide.mcu.externaltools.gnu-tools-for-stm32.13.3.rel1.win32_1.0.0.202411081344/tools/bin/../lib/gcc/arm-none-eabi/13.3.1/../../../../arm-none-eabi/lib/thumb/v7e-m+dp/hard\libc_nano.a(libc_a-mlock.o)
                0x08007a50                __malloc_lock
 .text.__malloc_unlock
                0x08007a5c        0xc D:/STM32CubeIDE_1.18.1/STM32CubeIDE/plugins/com.st.stm32cube.ide.mcu.externaltools.gnu-tools-for-stm32.13.3.rel1.win32_1.0.0.202411081344/tools/bin/../lib/gcc/arm-none-eabi/13.3.1/../../../../arm-none-eabi/lib/thumb/v7e-m+dp/hard\libc_nano.a(libc_a-mlock.o)
                0x08007a5c                __malloc_unlock
 .text.__ssputs_r
                0x08007a68       0xb6 D:/STM32CubeIDE_1.18.1/STM32CubeIDE/plugins/com.st.stm32cube.ide.mcu.externaltools.gnu-tools-for-stm32.13.3.rel1.win32_1.0.0.202411081344/tools/bin/../lib/gcc/arm-none-eabi/13.3.1/../../../../arm-none-eabi/lib/thumb/v7e-m+dp/hard\libc_nano.a(libc_a-nano-svfprintf.o)
                0x08007a68                __ssputs_r
 *fill*         0x08007b1e        0x2 
 .text._svfprintf_r
                0x08007b20      0x1f8 D:/STM32CubeIDE_1.18.1/STM32CubeIDE/plugins/com.st.stm32cube.ide.mcu.externaltools.gnu-tools-for-stm32.13.3.rel1.win32_1.0.0.202411081344/tools/bin/../lib/gcc/arm-none-eabi/13.3.1/../../../../arm-none-eabi/lib/thumb/v7e-m+dp/hard\libc_nano.a(libc_a-nano-svfprintf.o)
                0x08007b20                _svfiprintf_r
                0x08007b20                _svfprintf_r
 .text._printf_common
                0x08007d18       0xda D:/STM32CubeIDE_1.18.1/STM32CubeIDE/plugins/com.st.stm32cube.ide.mcu.externaltools.gnu-tools-for-stm32.13.3.rel1.win32_1.0.0.202411081344/tools/bin/../lib/gcc/arm-none-eabi/13.3.1/../../../../arm-none-eabi/lib/thumb/v7e-m+dp/hard\libc_nano.a(libc_a-nano-vfprintf_i.o)
                0x08007d18                _printf_common
 *fill*         0x08007df2        0x2 
 .text._printf_i
                0x08007df4      0x23c D:/STM32CubeIDE_1.18.1/STM32CubeIDE/plugins/com.st.stm32cube.ide.mcu.externaltools.gnu-tools-for-stm32.13.3.rel1.win32_1.0.0.202411081344/tools/bin/../lib/gcc/arm-none-eabi/13.3.1/../../../../arm-none-eabi/lib/thumb/v7e-m+dp/hard\libc_nano.a(libc_a-nano-vfprintf_i.o)
                0x08007df4                _printf_i
 .text.memmove  0x08008030       0x34 D:/STM32CubeIDE_1.18.1/STM32CubeIDE/plugins/com.st.stm32cube.ide.mcu.externaltools.gnu-tools-for-stm32.13.3.rel1.win32_1.0.0.202411081344/tools/bin/../lib/gcc/arm-none-eabi/13.3.1/../../../../arm-none-eabi/lib/thumb/v7e-m+dp/hard\libc_nano.a(libc_a-memmove.o)
                0x08008030                memmove
 .text._sbrk_r  0x08008064       0x20 D:/STM32CubeIDE_1.18.1/STM32CubeIDE/plugins/com.st.stm32cube.ide.mcu.externaltools.gnu-tools-for-stm32.13.3.rel1.win32_1.0.0.202411081344/tools/bin/../lib/gcc/arm-none-eabi/13.3.1/../../../../arm-none-eabi/lib/thumb/v7e-m+dp/hard\libc_nano.a(libc_a-sbrkr.o)
                0x08008064                _sbrk_r
 .text.memcpy   0x08008084       0x1c D:/STM32CubeIDE_1.18.1/STM32CubeIDE/plugins/com.st.stm32cube.ide.mcu.externaltools.gnu-tools-for-stm32.13.3.rel1.win32_1.0.0.202411081344/tools/bin/../lib/gcc/arm-none-eabi/13.3.1/../../../../arm-none-eabi/lib/thumb/v7e-m+dp/hard\libc_nano.a(libc_a-memcpy-stub.o)
                0x08008084                memcpy
 .text._realloc_r
                0x080080a0       0x5c D:/STM32CubeIDE_1.18.1/STM32CubeIDE/plugins/com.st.stm32cube.ide.mcu.externaltools.gnu-tools-for-stm32.13.3.rel1.win32_1.0.0.202411081344/tools/bin/../lib/gcc/arm-none-eabi/13.3.1/../../../../arm-none-eabi/lib/thumb/v7e-m+dp/hard\libc_nano.a(libc_a-reallocr.o)
                0x080080a0                _realloc_r
 .text._malloc_usable_size_r
                0x080080fc       0x10 D:/STM32CubeIDE_1.18.1/STM32CubeIDE/plugins/com.st.stm32cube.ide.mcu.externaltools.gnu-tools-for-stm32.13.3.rel1.win32_1.0.0.202411081344/tools/bin/../lib/gcc/arm-none-eabi/13.3.1/../../../../arm-none-eabi/lib/thumb/v7e-m+dp/hard\libc_nano.a(libc_a-msizer.o)
                0x080080fc                _malloc_usable_size_r
 *(.glue_7)
 .glue_7        0x0800810c        0x0 linker stubs
 *(.glue_7t)
 .glue_7t       0x0800810c        0x0 linker stubs
 *(.eh_frame)
 .eh_frame      0x0800810c        0x0 D:/STM32CubeIDE_1.18.1/STM32CubeIDE/plugins/com.st.stm32cube.ide.mcu.externaltools.gnu-tools-for-stm32.13.3.rel1.win32_1.0.0.202411081344/tools/bin/../lib/gcc/arm-none-eabi/13.3.1/thumb/v7e-m+dp/hard/crtbegin.o
 *(.init)
 .init          0x0800810c        0x4 D:/STM32CubeIDE_1.18.1/STM32CubeIDE/plugins/com.st.stm32cube.ide.mcu.externaltools.gnu-tools-for-stm32.13.3.rel1.win32_1.0.0.202411081344/tools/bin/../lib/gcc/arm-none-eabi/13.3.1/thumb/v7e-m+dp/hard/crti.o
                0x0800810c                _init
 .init          0x08008110        0x8 D:/STM32CubeIDE_1.18.1/STM32CubeIDE/plugins/com.st.stm32cube.ide.mcu.externaltools.gnu-tools-for-stm32.13.3.rel1.win32_1.0.0.202411081344/tools/bin/../lib/gcc/arm-none-eabi/13.3.1/thumb/v7e-m+dp/hard/crtn.o
 *(.fini)
 .fini          0x08008118        0x4 D:/STM32CubeIDE_1.18.1/STM32CubeIDE/plugins/com.st.stm32cube.ide.mcu.externaltools.gnu-tools-for-stm32.13.3.rel1.win32_1.0.0.202411081344/tools/bin/../lib/gcc/arm-none-eabi/13.3.1/thumb/v7e-m+dp/hard/crti.o
                0x08008118                _fini
 .fini          0x0800811c        0x8 D:/STM32CubeIDE_1.18.1/STM32CubeIDE/plugins/com.st.stm32cube.ide.mcu.externaltools.gnu-tools-for-stm32.13.3.rel1.win32_1.0.0.202411081344/tools/bin/../lib/gcc/arm-none-eabi/13.3.1/thumb/v7e-m+dp/hard/crtn.o
                0x08008124                        . = ALIGN (0x4)
                0x08008124                        _etext = .

.vfp11_veneer   0x08008124        0x0
 .vfp11_veneer  0x08008124        0x0 linker stubs

.v4_bx          0x08008124        0x0
 .v4_bx         0x08008124        0x0 linker stubs

.iplt           0x08008124        0x0
 .iplt          0x08008124        0x0 D:/STM32CubeIDE_1.18.1/STM32CubeIDE/plugins/com.st.stm32cube.ide.mcu.externaltools.gnu-tools-for-stm32.13.3.rel1.win32_1.0.0.202411081344/tools/bin/../lib/gcc/arm-none-eabi/13.3.1/thumb/v7e-m+dp/hard/crtbegin.o

.rodata         0x08008124      0x144
                0x08008124                        . = ALIGN (0x4)
 *(.rodata)
 .rodata        0x08008124       0xf0 ./Core/Src/main.o
 *(.rodata*)
 .rodata.AHBPrescTable
                0x08008214       0x10 ./Core/Src/system_stm32f7xx.o
                0x08008214                AHBPrescTable
 .rodata.APBPrescTable
                0x08008224        0x8 ./Core/Src/system_stm32f7xx.o
                0x08008224                APBPrescTable
 .rodata.flagBitshiftOffset.0
                0x0800822c        0x8 ./Drivers/STM32F7xx_HAL_Driver/Src/stm32f7xx_hal_dma.o
 .rodata._svfprintf_r.str1.1
                0x08008234       0x33 D:/STM32CubeIDE_1.18.1/STM32CubeIDE/plugins/com.st.stm32cube.ide.mcu.externaltools.gnu-tools-for-stm32.13.3.rel1.win32_1.0.0.202411081344/tools/bin/../lib/gcc/arm-none-eabi/13.3.1/../../../../arm-none-eabi/lib/thumb/v7e-m+dp/hard\libc_nano.a(libc_a-nano-svfprintf.o)
                                 0x11 (size before relaxing)
 .rodata._printf_i.str1.1
                0x08008267       0x22 D:/STM32CubeIDE_1.18.1/STM32CubeIDE/plugins/com.st.stm32cube.ide.mcu.externaltools.gnu-tools-for-stm32.13.3.rel1.win32_1.0.0.202411081344/tools/bin/../lib/gcc/arm-none-eabi/13.3.1/../../../../arm-none-eabi/lib/thumb/v7e-m+dp/hard\libc_nano.a(libc_a-nano-vfprintf_i.o)
                0x0800828c                        . = ALIGN (0x4)
 *fill*         0x08008267        0x1 

.ARM.extab      0x08008268        0x0
                0x08008268                        . = ALIGN (0x4)
 *(.ARM.extab* .gnu.linkonce.armextab.*)
                0x08008268                        . = ALIGN (0x4)

.ARM            0x08008268        0x8
                0x08008268                        . = ALIGN (0x4)
                0x08008268                        __exidx_start = .
 *(.ARM.exidx*)
 .ARM.exidx     0x08008268        0x8 D:/STM32CubeIDE_1.18.1/STM32CubeIDE/plugins/com.st.stm32cube.ide.mcu.externaltools.gnu-tools-for-stm32.13.3.rel1.win32_1.0.0.202411081344/tools/bin/../lib/gcc/arm-none-eabi/13.3.1/../../../../arm-none-eabi/lib/thumb/v7e-m+dp/hard\libc_nano.a(libc_a-memchr.o)
 .ARM.exidx     0x08008270        0x0 D:/STM32CubeIDE_1.18.1/STM32CubeIDE/plugins/com.st.stm32cube.ide.mcu.externaltools.gnu-tools-for-stm32.13.3.rel1.win32_1.0.0.202411081344/tools/bin/../lib/gcc/arm-none-eabi/13.3.1/thumb/v7e-m+dp/hard\libgcc.a(_udivmoddi4.o)
                                  0x8 (size before relaxing)
                0x08008270                        __exidx_end = .
                0x08008270                        . = ALIGN (0x4)

.preinit_array  0x08008270        0x0
                0x08008270                        . = ALIGN (0x4)
                0x08008270                        PROVIDE (__preinit_array_start = .)
 *(.preinit_array*)
                0x08008270                        PROVIDE (__preinit_array_end = .)
                0x08008270                        . = ALIGN (0x4)

.init_array     0x08008270        0x4
                0x08008270                        . = ALIGN (0x4)
                0x08008270                        PROVIDE (__init_array_start = .)
 *(SORT_BY_NAME(.init_array.*))
 *(.init_array*)
 .init_array    0x08008270        0x4 D:/STM32CubeIDE_1.18.1/STM32CubeIDE/plugins/com.st.stm32cube.ide.mcu.externaltools.gnu-tools-for-stm32.13.3.rel1.win32_1.0.0.202411081344/tools/bin/../lib/gcc/arm-none-eabi/13.3.1/thumb/v7e-m+dp/hard/crtbegin.o
                0x08008274                        PROVIDE (__init_array_end = .)
                0x08008274                        . = ALIGN (0x4)

.fini_array     0x08008274        0x4
                0x08008274                        . = ALIGN (0x4)
                [!provide]                        PROVIDE (__fini_array_start = .)
 *(SORT_BY_NAME(.fini_array.*))
 *(.fini_array*)
 .fini_array    0x08008274        0x4 D:/STM32CubeIDE_1.18.1/STM32CubeIDE/plugins/com.st.stm32cube.ide.mcu.externaltools.gnu-tools-for-stm32.13.3.rel1.win32_1.0.0.202411081344/tools/bin/../lib/gcc/arm-none-eabi/13.3.1/thumb/v7e-m+dp/hard/crtbegin.o
                [!provide]                        PROVIDE (__fini_array_end = .)
                0x08008278                        . = ALIGN (0x4)
                0x08008278                        _sidata = LOADADDR (.data)

.rel.dyn        0x08008278        0x0
 .rel.iplt      0x08008278        0x0 D:/STM32CubeIDE_1.18.1/STM32CubeIDE/plugins/com.st.stm32cube.ide.mcu.externaltools.gnu-tools-for-stm32.13.3.rel1.win32_1.0.0.202411081344/tools/bin/../lib/gcc/arm-none-eabi/13.3.1/thumb/v7e-m+dp/hard/crtbegin.o

.data           0x20000000       0x6c load address 0x08008278
                0x20000000                        . = ALIGN (0x4)
                0x20000000                        _sdata = .
 *(.data)
 *(.data*)
 .data.GlobalDmaTransferStatus
                0x20000000        0x4 ./Core/BTK_Driver/dma_driver/Src/dma_driver.o
                0x20000000                GlobalDmaTransferStatus
 .data.lcd      0x20000004        0xc ./Core/Src/main.o
                0x20000004                lcd
 .data.SystemCoreClock
                0x20000010        0x4 ./Core/Src/system_stm32f7xx.o
                0x20000010                SystemCoreClock
 .data.uwTickPrio
                0x20000014        0x4 ./Drivers/STM32F7xx_HAL_Driver/Src/stm32f7xx_hal.o
                0x20000014                uwTickPrio
 .data.uwTickFreq
                0x20000018        0x1 ./Drivers/STM32F7xx_HAL_Driver/Src/stm32f7xx_hal.o
                0x20000018                uwTickFreq
 *fill*         0x20000019        0x3 
 .data._impure_ptr
                0x2000001c        0x4 D:/STM32CubeIDE_1.18.1/STM32CubeIDE/plugins/com.st.stm32cube.ide.mcu.externaltools.gnu-tools-for-stm32.13.3.rel1.win32_1.0.0.202411081344/tools/bin/../lib/gcc/arm-none-eabi/13.3.1/../../../../arm-none-eabi/lib/thumb/v7e-m+dp/hard\libc_nano.a(libc_a-impure.o)
                0x2000001c                _impure_ptr
 .data._impure_data
                0x20000020       0x4c D:/STM32CubeIDE_1.18.1/STM32CubeIDE/plugins/com.st.stm32cube.ide.mcu.externaltools.gnu-tools-for-stm32.13.3.rel1.win32_1.0.0.202411081344/tools/bin/../lib/gcc/arm-none-eabi/13.3.1/../../../../arm-none-eabi/lib/thumb/v7e-m+dp/hard\libc_nano.a(libc_a-impure.o)
                0x20000020                _impure_data
 *(.RamFunc)
 *(.RamFunc*)
                0x2000006c                        . = ALIGN (0x4)
                0x2000006c                        _edata = .

.igot.plt       0x2000006c        0x0 load address 0x080082e4
 .igot.plt      0x2000006c        0x0 D:/STM32CubeIDE_1.18.1/STM32CubeIDE/plugins/com.st.stm32cube.ide.mcu.externaltools.gnu-tools-for-stm32.13.3.rel1.win32_1.0.0.202411081344/tools/bin/../lib/gcc/arm-none-eabi/13.3.1/thumb/v7e-m+dp/hard/crtbegin.o

.RxDecripSection
                0x2000006c       0xa0 load address 0x080082e4
 .RxDecripSection
                0x2000006c       0xa0 ./Core/Src/main.o
                0x2000006c                DMARxDscrTab

.TxDecripSection
                0x2000010c       0xa0 load address 0x08008384
 .TxDecripSection
                0x2000010c       0xa0 ./Core/Src/main.o
                0x2000010c                DMATxDscrTab
                0x200001ac                        . = ALIGN (0x4)

.bss            0x200001ac      0xdcc load address 0x08008424
                0x200001ac                        _sbss = .
                0x200001ac                        __bss_start__ = _sbss
 *(.bss)
 .bss           0x200001ac       0x1c D:/STM32CubeIDE_1.18.1/STM32CubeIDE/plugins/com.st.stm32cube.ide.mcu.externaltools.gnu-tools-for-stm32.13.3.rel1.win32_1.0.0.202411081344/tools/bin/../lib/gcc/arm-none-eabi/13.3.1/thumb/v7e-m+dp/hard/crtbegin.o
 *(.bss*)
 .bss.messageReady.2
                0x200001c8        0x1 ./Core/BTK_Driver/uart_driver/Src/uart_ex.o
 *fill*         0x200001c9        0x1 
 .bss.index.1   0x200001ca        0x2 ./Core/BTK_Driver/uart_driver/Src/uart_ex.o
 .bss.lastCr.0  0x200001cc        0x1 ./Core/BTK_Driver/uart_driver/Src/uart_ex.o
 *fill*         0x200001cd        0x3 
 .bss.TxConfig  0x200001d0       0x38 ./Core/Src/main.o
                0x200001d0                TxConfig
 .bss.hadc1     0x20000208       0x48 ./Core/Src/main.o
                0x20000208                hadc1
 .bss.hdma_adc1
                0x20000250       0x60 ./Core/Src/main.o
                0x20000250                hdma_adc1
 .bss.hdac      0x200002b0       0x14 ./Core/Src/main.o
                0x200002b0                hdac
 .bss.heth      0x200002c4       0xb0 ./Core/Src/main.o
                0x200002c4                heth
 .bss.hi2c1     0x20000374       0x54 ./Core/Src/main.o
                0x20000374                hi2c1
 .bss.huart3    0x200003c8       0x88 ./Core/Src/main.o
                0x200003c8                huart3
 .bss.hpcd_USB_OTG_FS
                0x20000450      0x4e0 ./Core/Src/main.o
                0x20000450                hpcd_USB_OTG_FS
 .bss.ioInfo    0x20000930       0x2c ./Core/Src/main.o
                0x20000930                ioInfo
 .bss.adcInfo   0x2000095c       0x30 ./Core/Src/main.o
                0x2000095c                adcInfo
 .bss.uart_cbin
                0x2000098c      0x204 ./Core/Src/main.o
                0x2000098c                uart_cbin
 .bss.uart_cbout
                0x20000b90      0x204 ./Core/Src/main.o
                0x20000b90                uart_cbout
 .bss.uart3     0x20000d94        0xc ./Core/Src/main.o
                0x20000d94                uart3
 .bss.linebuffer
                0x20000da0       0x80 ./Core/Src/main.o
                0x20000da0                linebuffer
 .bss.MACAddr.0
                0x20000e20        0x6 ./Core/Src/main.o
 *fill*         0x20000e26        0x2 
 .bss.__sbrk_heap_end
                0x20000e28        0x4 ./Core/Src/sysmem.o
 .bss.uwTick    0x20000e2c        0x4 ./Drivers/STM32F7xx_HAL_Driver/Src/stm32f7xx_hal.o
                0x20000e2c                uwTick
 .bss.__sf      0x20000e30      0x138 D:/STM32CubeIDE_1.18.1/STM32CubeIDE/plugins/com.st.stm32cube.ide.mcu.externaltools.gnu-tools-for-stm32.13.3.rel1.win32_1.0.0.202411081344/tools/bin/../lib/gcc/arm-none-eabi/13.3.1/../../../../arm-none-eabi/lib/thumb/v7e-m+dp/hard\libc_nano.a(libc_a-findfp.o)
                0x20000e30                __sf
 .bss.errno     0x20000f68        0x4 D:/STM32CubeIDE_1.18.1/STM32CubeIDE/plugins/com.st.stm32cube.ide.mcu.externaltools.gnu-tools-for-stm32.13.3.rel1.win32_1.0.0.202411081344/tools/bin/../lib/gcc/arm-none-eabi/13.3.1/../../../../arm-none-eabi/lib/thumb/v7e-m+dp/hard\libc_nano.a(libc_a-reent.o)
                0x20000f68                errno
 .bss.__lock___malloc_recursive_mutex
                0x20000f6c        0x1 D:/STM32CubeIDE_1.18.1/STM32CubeIDE/plugins/com.st.stm32cube.ide.mcu.externaltools.gnu-tools-for-stm32.13.3.rel1.win32_1.0.0.202411081344/tools/bin/../lib/gcc/arm-none-eabi/13.3.1/../../../../arm-none-eabi/lib/thumb/v7e-m+dp/hard\libc_nano.a(libc_a-lock.o)
                0x20000f6c                __lock___malloc_recursive_mutex
 *fill*         0x20000f6d        0x3 
 .bss.__malloc_sbrk_start
                0x20000f70        0x4 D:/STM32CubeIDE_1.18.1/STM32CubeIDE/plugins/com.st.stm32cube.ide.mcu.externaltools.gnu-tools-for-stm32.13.3.rel1.win32_1.0.0.202411081344/tools/bin/../lib/gcc/arm-none-eabi/13.3.1/../../../../arm-none-eabi/lib/thumb/v7e-m+dp/hard\libc_nano.a(libc_a-mallocr.o)
                0x20000f70                __malloc_sbrk_start
 .bss.__malloc_free_list
                0x20000f74        0x4 D:/STM32CubeIDE_1.18.1/STM32CubeIDE/plugins/com.st.stm32cube.ide.mcu.externaltools.gnu-tools-for-stm32.13.3.rel1.win32_1.0.0.202411081344/tools/bin/../lib/gcc/arm-none-eabi/13.3.1/../../../../arm-none-eabi/lib/thumb/v7e-m+dp/hard\libc_nano.a(libc_a-mallocr.o)
                0x20000f74                __malloc_free_list
 *(COMMON)
                0x20000f78                        . = ALIGN (0x4)
                0x20000f78                        _ebss = .
                0x20000f78                        __bss_end__ = _ebss

._user_heap_stack
                0x20000f78      0x600 load address 0x08008424
                0x20000f78                        . = ALIGN (0x8)
                [!provide]                        PROVIDE (end = .)
                0x20000f78                        PROVIDE (_end = .)
                0x20001178                        . = (. + _Min_Heap_Size)
 *fill*         0x20000f78      0x200 
                0x20001578                        . = (. + _Min_Stack_Size)
 *fill*         0x20001178      0x400 
                0x20001578                        . = ALIGN (0x8)

/DISCARD/
 libc.a(*)
 libm.a(*)
 libgcc.a(*)

.ARM.attributes
                0x00000000       0x2e
 *(.ARM.attributes)
 .ARM.attributes
                0x00000000       0x20 D:/STM32CubeIDE_1.18.1/STM32CubeIDE/plugins/com.st.stm32cube.ide.mcu.externaltools.gnu-tools-for-stm32.13.3.rel1.win32_1.0.0.202411081344/tools/bin/../lib/gcc/arm-none-eabi/13.3.1/thumb/v7e-m+dp/hard/crti.o
 .ARM.attributes
                0x00000020       0x32 D:/STM32CubeIDE_1.18.1/STM32CubeIDE/plugins/com.st.stm32cube.ide.mcu.externaltools.gnu-tools-for-stm32.13.3.rel1.win32_1.0.0.202411081344/tools/bin/../lib/gcc/arm-none-eabi/13.3.1/thumb/v7e-m+dp/hard/crtbegin.o
 .ARM.attributes
                0x00000052       0x32 ./Core/BTK_Driver/Circular_Buffer/Src/circual_buffer.o
 .ARM.attributes
                0x00000084       0x32 ./Core/BTK_Driver/IO_Driver/Src/IO_driver.o
 .ARM.attributes
                0x000000b6       0x32 ./Core/BTK_Driver/LCD_DRİVER/Src/lcd_driver.o
 .ARM.attributes
                0x000000e8       0x32 ./Core/BTK_Driver/dma_driver/Src/dma_driver.o
 .ARM.attributes
                0x0000011a       0x32 ./Core/BTK_Driver/uart_driver/Src/uart_ex.o
 .ARM.attributes
                0x0000014c       0x32 ./Core/Src/main.o
 .ARM.attributes
                0x0000017e       0x32 ./Core/Src/stm32f7xx_hal_msp.o
 .ARM.attributes
                0x000001b0       0x32 ./Core/Src/stm32f7xx_it.o
 .ARM.attributes
                0x000001e2       0x32 ./Core/Src/sysmem.o
 .ARM.attributes
                0x00000214       0x32 ./Core/Src/system_stm32f7xx.o
 .ARM.attributes
                0x00000246       0x21 ./Core/Startup/startup_stm32f767zitx.o
 .ARM.attributes
                0x00000267       0x32 ./Drivers/STM32F7xx_HAL_Driver/Src/stm32f7xx_hal.o
 .ARM.attributes
                0x00000299       0x32 ./Drivers/STM32F7xx_HAL_Driver/Src/stm32f7xx_hal_adc.o
 .ARM.attributes
                0x000002cb       0x32 ./Drivers/STM32F7xx_HAL_Driver/Src/stm32f7xx_hal_adc_ex.o
 .ARM.attributes
                0x000002fd       0x32 ./Drivers/STM32F7xx_HAL_Driver/Src/stm32f7xx_hal_cortex.o
 .ARM.attributes
                0x0000032f       0x32 ./Drivers/STM32F7xx_HAL_Driver/Src/stm32f7xx_hal_dac.o
 .ARM.attributes
                0x00000361       0x32 ./Drivers/STM32F7xx_HAL_Driver/Src/stm32f7xx_hal_dma.o
 .ARM.attributes
                0x00000393       0x32 ./Drivers/STM32F7xx_HAL_Driver/Src/stm32f7xx_hal_eth.o
 .ARM.attributes
                0x000003c5       0x32 ./Drivers/STM32F7xx_HAL_Driver/Src/stm32f7xx_hal_gpio.o
 .ARM.attributes
                0x000003f7       0x32 ./Drivers/STM32F7xx_HAL_Driver/Src/stm32f7xx_hal_i2c.o
 .ARM.attributes
                0x00000429       0x32 ./Drivers/STM32F7xx_HAL_Driver/Src/stm32f7xx_hal_i2c_ex.o
 .ARM.attributes
                0x0000045b       0x32 ./Drivers/STM32F7xx_HAL_Driver/Src/stm32f7xx_hal_pcd.o
 .ARM.attributes
                0x0000048d       0x32 ./Drivers/STM32F7xx_HAL_Driver/Src/stm32f7xx_hal_pcd_ex.o
 .ARM.attributes
                0x000004bf       0x32 ./Drivers/STM32F7xx_HAL_Driver/Src/stm32f7xx_hal_rcc.o
 .ARM.attributes
                0x000004f1       0x32 ./Drivers/STM32F7xx_HAL_Driver/Src/stm32f7xx_hal_rcc_ex.o
 .ARM.attributes
                0x00000523       0x32 ./Drivers/STM32F7xx_HAL_Driver/Src/stm32f7xx_hal_uart.o
 .ARM.attributes
                0x00000555       0x32 ./Drivers/STM32F7xx_HAL_Driver/Src/stm32f7xx_ll_usb.o
 .ARM.attributes
                0x00000587       0x32 D:/STM32CubeIDE_1.18.1/STM32CubeIDE/plugins/com.st.stm32cube.ide.mcu.externaltools.gnu-tools-for-stm32.13.3.rel1.win32_1.0.0.202411081344/tools/bin/../lib/gcc/arm-none-eabi/13.3.1/../../../../arm-none-eabi/lib/thumb/v7e-m+dp/hard\libc_nano.a(libc_a-findfp.o)
 .ARM.attributes
                0x000005b9       0x32 D:/STM32CubeIDE_1.18.1/STM32CubeIDE/plugins/com.st.stm32cube.ide.mcu.externaltools.gnu-tools-for-stm32.13.3.rel1.win32_1.0.0.202411081344/tools/bin/../lib/gcc/arm-none-eabi/13.3.1/../../../../arm-none-eabi/lib/thumb/v7e-m+dp/hard\libc_nano.a(libc_a-vsnprintf.o)
 .ARM.attributes
                0x000005eb       0x32 D:/STM32CubeIDE_1.18.1/STM32CubeIDE/plugins/com.st.stm32cube.ide.mcu.externaltools.gnu-tools-for-stm32.13.3.rel1.win32_1.0.0.202411081344/tools/bin/../lib/gcc/arm-none-eabi/13.3.1/../../../../arm-none-eabi/lib/thumb/v7e-m+dp/hard\libc_nano.a(libc_a-memset.o)
 .ARM.attributes
                0x0000061d       0x32 D:/STM32CubeIDE_1.18.1/STM32CubeIDE/plugins/com.st.stm32cube.ide.mcu.externaltools.gnu-tools-for-stm32.13.3.rel1.win32_1.0.0.202411081344/tools/bin/../lib/gcc/arm-none-eabi/13.3.1/../../../../arm-none-eabi/lib/thumb/v7e-m+dp/hard\libc_nano.a(libc_a-strstr.o)
 .ARM.attributes
                0x0000064f       0x32 D:/STM32CubeIDE_1.18.1/STM32CubeIDE/plugins/com.st.stm32cube.ide.mcu.externaltools.gnu-tools-for-stm32.13.3.rel1.win32_1.0.0.202411081344/tools/bin/../lib/gcc/arm-none-eabi/13.3.1/../../../../arm-none-eabi/lib/thumb/v7e-m+dp/hard\libc_nano.a(libc_a-reent.o)
 .ARM.attributes
                0x00000681       0x32 D:/STM32CubeIDE_1.18.1/STM32CubeIDE/plugins/com.st.stm32cube.ide.mcu.externaltools.gnu-tools-for-stm32.13.3.rel1.win32_1.0.0.202411081344/tools/bin/../lib/gcc/arm-none-eabi/13.3.1/../../../../arm-none-eabi/lib/thumb/v7e-m+dp/hard\libc_nano.a(libc_a-impure.o)
 .ARM.attributes
                0x000006b3       0x32 D:/STM32CubeIDE_1.18.1/STM32CubeIDE/plugins/com.st.stm32cube.ide.mcu.externaltools.gnu-tools-for-stm32.13.3.rel1.win32_1.0.0.202411081344/tools/bin/../lib/gcc/arm-none-eabi/13.3.1/../../../../arm-none-eabi/lib/thumb/v7e-m+dp/hard\libc_nano.a(libc_a-errno.o)
 .ARM.attributes
                0x000006e5       0x32 D:/STM32CubeIDE_1.18.1/STM32CubeIDE/plugins/com.st.stm32cube.ide.mcu.externaltools.gnu-tools-for-stm32.13.3.rel1.win32_1.0.0.202411081344/tools/bin/../lib/gcc/arm-none-eabi/13.3.1/../../../../arm-none-eabi/lib/thumb/v7e-m+dp/hard\libc_nano.a(libc_a-init.o)
 .ARM.attributes
                0x00000717       0x32 D:/STM32CubeIDE_1.18.1/STM32CubeIDE/plugins/com.st.stm32cube.ide.mcu.externaltools.gnu-tools-for-stm32.13.3.rel1.win32_1.0.0.202411081344/tools/bin/../lib/gcc/arm-none-eabi/13.3.1/../../../../arm-none-eabi/lib/thumb/v7e-m+dp/hard\libc_nano.a(libc_a-lock.o)
 .ARM.attributes
                0x00000749       0x32 D:/STM32CubeIDE_1.18.1/STM32CubeIDE/plugins/com.st.stm32cube.ide.mcu.externaltools.gnu-tools-for-stm32.13.3.rel1.win32_1.0.0.202411081344/tools/bin/../lib/gcc/arm-none-eabi/13.3.1/../../../../arm-none-eabi/lib/thumb/v7e-m+dp/hard\libc_nano.a(libc_a-freer.o)
 .ARM.attributes
                0x0000077b       0x32 D:/STM32CubeIDE_1.18.1/STM32CubeIDE/plugins/com.st.stm32cube.ide.mcu.externaltools.gnu-tools-for-stm32.13.3.rel1.win32_1.0.0.202411081344/tools/bin/../lib/gcc/arm-none-eabi/13.3.1/../../../../arm-none-eabi/lib/thumb/v7e-m+dp/hard\libc_nano.a(libc_a-mallocr.o)
 .ARM.attributes
                0x000007ad       0x32 D:/STM32CubeIDE_1.18.1/STM32CubeIDE/plugins/com.st.stm32cube.ide.mcu.externaltools.gnu-tools-for-stm32.13.3.rel1.win32_1.0.0.202411081344/tools/bin/../lib/gcc/arm-none-eabi/13.3.1/../../../../arm-none-eabi/lib/thumb/v7e-m+dp/hard\libc_nano.a(libc_a-mlock.o)
 .ARM.attributes
                0x000007df       0x32 D:/STM32CubeIDE_1.18.1/STM32CubeIDE/plugins/com.st.stm32cube.ide.mcu.externaltools.gnu-tools-for-stm32.13.3.rel1.win32_1.0.0.202411081344/tools/bin/../lib/gcc/arm-none-eabi/13.3.1/../../../../arm-none-eabi/lib/thumb/v7e-m+dp/hard\libc_nano.a(libc_a-nano-svfprintf.o)
 .ARM.attributes
                0x00000811       0x32 D:/STM32CubeIDE_1.18.1/STM32CubeIDE/plugins/com.st.stm32cube.ide.mcu.externaltools.gnu-tools-for-stm32.13.3.rel1.win32_1.0.0.202411081344/tools/bin/../lib/gcc/arm-none-eabi/13.3.1/../../../../arm-none-eabi/lib/thumb/v7e-m+dp/hard\libc_nano.a(libc_a-nano-vfprintf_i.o)
 .ARM.attributes
                0x00000843       0x32 D:/STM32CubeIDE_1.18.1/STM32CubeIDE/plugins/com.st.stm32cube.ide.mcu.externaltools.gnu-tools-for-stm32.13.3.rel1.win32_1.0.0.202411081344/tools/bin/../lib/gcc/arm-none-eabi/13.3.1/../../../../arm-none-eabi/lib/thumb/v7e-m+dp/hard\libc_nano.a(libc_a-memmove.o)
 .ARM.attributes
                0x00000875       0x32 D:/STM32CubeIDE_1.18.1/STM32CubeIDE/plugins/com.st.stm32cube.ide.mcu.externaltools.gnu-tools-for-stm32.13.3.rel1.win32_1.0.0.202411081344/tools/bin/../lib/gcc/arm-none-eabi/13.3.1/../../../../arm-none-eabi/lib/thumb/v7e-m+dp/hard\libc_nano.a(libc_a-sbrkr.o)
 .ARM.attributes
                0x000008a7       0x1c D:/STM32CubeIDE_1.18.1/STM32CubeIDE/plugins/com.st.stm32cube.ide.mcu.externaltools.gnu-tools-for-stm32.13.3.rel1.win32_1.0.0.202411081344/tools/bin/../lib/gcc/arm-none-eabi/13.3.1/../../../../arm-none-eabi/lib/thumb/v7e-m+dp/hard\libc_nano.a(libc_a-memchr.o)
 .ARM.attributes
                0x000008c3       0x32 D:/STM32CubeIDE_1.18.1/STM32CubeIDE/plugins/com.st.stm32cube.ide.mcu.externaltools.gnu-tools-for-stm32.13.3.rel1.win32_1.0.0.202411081344/tools/bin/../lib/gcc/arm-none-eabi/13.3.1/../../../../arm-none-eabi/lib/thumb/v7e-m+dp/hard\libc_nano.a(libc_a-memcpy-stub.o)
 .ARM.attributes
                0x000008f5       0x32 D:/STM32CubeIDE_1.18.1/STM32CubeIDE/plugins/com.st.stm32cube.ide.mcu.externaltools.gnu-tools-for-stm32.13.3.rel1.win32_1.0.0.202411081344/tools/bin/../lib/gcc/arm-none-eabi/13.3.1/../../../../arm-none-eabi/lib/thumb/v7e-m+dp/hard\libc_nano.a(libc_a-reallocr.o)
 .ARM.attributes
                0x00000927       0x32 D:/STM32CubeIDE_1.18.1/STM32CubeIDE/plugins/com.st.stm32cube.ide.mcu.externaltools.gnu-tools-for-stm32.13.3.rel1.win32_1.0.0.202411081344/tools/bin/../lib/gcc/arm-none-eabi/13.3.1/../../../../arm-none-eabi/lib/thumb/v7e-m+dp/hard\libc_nano.a(libc_a-msizer.o)
 .ARM.attributes
                0x00000959       0x20 D:/STM32CubeIDE_1.18.1/STM32CubeIDE/plugins/com.st.stm32cube.ide.mcu.externaltools.gnu-tools-for-stm32.13.3.rel1.win32_1.0.0.202411081344/tools/bin/../lib/gcc/arm-none-eabi/13.3.1/thumb/v7e-m+dp/hard\libgcc.a(_aeabi_uldivmod.o)
 .ARM.attributes
                0x00000979       0x32 D:/STM32CubeIDE_1.18.1/STM32CubeIDE/plugins/com.st.stm32cube.ide.mcu.externaltools.gnu-tools-for-stm32.13.3.rel1.win32_1.0.0.202411081344/tools/bin/../lib/gcc/arm-none-eabi/13.3.1/thumb/v7e-m+dp/hard\libgcc.a(_udivmoddi4.o)
 .ARM.attributes
                0x000009ab       0x20 D:/STM32CubeIDE_1.18.1/STM32CubeIDE/plugins/com.st.stm32cube.ide.mcu.externaltools.gnu-tools-for-stm32.13.3.rel1.win32_1.0.0.202411081344/tools/bin/../lib/gcc/arm-none-eabi/13.3.1/thumb/v7e-m+dp/hard\libgcc.a(_dvmd_tls.o)
 .ARM.attributes
                0x000009cb       0x20 D:/STM32CubeIDE_1.18.1/STM32CubeIDE/plugins/com.st.stm32cube.ide.mcu.externaltools.gnu-tools-for-stm32.13.3.rel1.win32_1.0.0.202411081344/tools/bin/../lib/gcc/arm-none-eabi/13.3.1/thumb/v7e-m+dp/hard/crtn.o
OUTPUT(BTK_Project.elf elf32-littlearm)
LOAD linker stubs
LOAD D:/STM32CubeIDE_1.18.1/STM32CubeIDE/plugins/com.st.stm32cube.ide.mcu.externaltools.gnu-tools-for-stm32.13.3.rel1.win32_1.0.0.202411081344/tools/bin/../lib/gcc/arm-none-eabi/13.3.1/../../../../arm-none-eabi/lib/thumb/v7e-m+dp/hard\libc.a
LOAD D:/STM32CubeIDE_1.18.1/STM32CubeIDE/plugins/com.st.stm32cube.ide.mcu.externaltools.gnu-tools-for-stm32.13.3.rel1.win32_1.0.0.202411081344/tools/bin/../lib/gcc/arm-none-eabi/13.3.1/../../../../arm-none-eabi/lib/thumb/v7e-m+dp/hard\libm.a
LOAD D:/STM32CubeIDE_1.18.1/STM32CubeIDE/plugins/com.st.stm32cube.ide.mcu.externaltools.gnu-tools-for-stm32.13.3.rel1.win32_1.0.0.202411081344/tools/bin/../lib/gcc/arm-none-eabi/13.3.1/thumb/v7e-m+dp/hard\libgcc.a

.debug_info     0x00000000    0x1a70a
 .debug_info    0x00000000      0x23e ./Core/BTK_Driver/Circular_Buffer/Src/circual_buffer.o
 .debug_info    0x0000023e      0x39f ./Core/BTK_Driver/IO_Driver/Src/IO_driver.o
 .debug_info    0x000005dd      0xb9a ./Core/BTK_Driver/LCD_DRİVER/Src/lcd_driver.o
 .debug_info    0x00001177      0x910 ./Core/BTK_Driver/dma_driver/Src/dma_driver.o
 .debug_info    0x00001a87      0x967 ./Core/BTK_Driver/uart_driver/Src/uart_ex.o
 .debug_info    0x000023ee     0x2dcd ./Core/Src/main.o
 .debug_info    0x000051bb     0x277a ./Core/Src/stm32f7xx_hal_msp.o
 .debug_info    0x00007935      0xb39 ./Core/Src/stm32f7xx_it.o
 .debug_info    0x0000846e      0x168 ./Core/Src/sysmem.o
 .debug_info    0x000085d6      0x6ed ./Core/Src/system_stm32f7xx.o
 .debug_info    0x00008cc3       0x30 ./Core/Startup/startup_stm32f767zitx.o
 .debug_info    0x00008cf3      0xa4c ./Drivers/STM32F7xx_HAL_Driver/Src/stm32f7xx_hal.o
 .debug_info    0x0000973f      0xc92 ./Drivers/STM32F7xx_HAL_Driver/Src/stm32f7xx_hal_adc.o
 .debug_info    0x0000a3d1      0xafc ./Drivers/STM32F7xx_HAL_Driver/Src/stm32f7xx_hal_adc_ex.o
 .debug_info    0x0000aecd      0xfc0 ./Drivers/STM32F7xx_HAL_Driver/Src/stm32f7xx_hal_cortex.o
 .debug_info    0x0000be8d      0xa01 ./Drivers/STM32F7xx_HAL_Driver/Src/stm32f7xx_hal_dac.o
 .debug_info    0x0000c88e      0x8e7 ./Drivers/STM32F7xx_HAL_Driver/Src/stm32f7xx_hal_dma.o
 .debug_info    0x0000d175     0x21b6 ./Drivers/STM32F7xx_HAL_Driver/Src/stm32f7xx_hal_eth.o
 .debug_info    0x0000f32b      0x6f3 ./Drivers/STM32F7xx_HAL_Driver/Src/stm32f7xx_hal_gpio.o
 .debug_info    0x0000fa1e     0x2147 ./Drivers/STM32F7xx_HAL_Driver/Src/stm32f7xx_hal_i2c.o
 .debug_info    0x00011b65      0x92e ./Drivers/STM32F7xx_HAL_Driver/Src/stm32f7xx_hal_i2c_ex.o
 .debug_info    0x00012493     0x1599 ./Drivers/STM32F7xx_HAL_Driver/Src/stm32f7xx_hal_pcd.o
 .debug_info    0x00013a2c      0x7a3 ./Drivers/STM32F7xx_HAL_Driver/Src/stm32f7xx_hal_pcd_ex.o
 .debug_info    0x000141cf      0x94b ./Drivers/STM32F7xx_HAL_Driver/Src/stm32f7xx_hal_rcc.o
 .debug_info    0x00014b1a      0x6e1 ./Drivers/STM32F7xx_HAL_Driver/Src/stm32f7xx_hal_rcc_ex.o
 .debug_info    0x000151fb     0x3b13 ./Drivers/STM32F7xx_HAL_Driver/Src/stm32f7xx_hal_uart.o
 .debug_info    0x00018d0e     0x19fc ./Drivers/STM32F7xx_HAL_Driver/Src/stm32f7xx_ll_usb.o

.debug_abbrev   0x00000000     0x39aa
 .debug_abbrev  0x00000000      0x117 ./Core/BTK_Driver/Circular_Buffer/Src/circual_buffer.o
 .debug_abbrev  0x00000117      0x174 ./Core/BTK_Driver/IO_Driver/Src/IO_driver.o
 .debug_abbrev  0x0000028b      0x20d ./Core/BTK_Driver/LCD_DRİVER/Src/lcd_driver.o
 .debug_abbrev  0x00000498      0x227 ./Core/BTK_Driver/dma_driver/Src/dma_driver.o
 .debug_abbrev  0x000006bf      0x24b ./Core/BTK_Driver/uart_driver/Src/uart_ex.o
 .debug_abbrev  0x0000090a      0x31b ./Core/Src/main.o
 .debug_abbrev  0x00000c25      0x2ba ./Core/Src/stm32f7xx_hal_msp.o
 .debug_abbrev  0x00000edf      0x25d ./Core/Src/stm32f7xx_it.o
 .debug_abbrev  0x0000113c       0xbc ./Core/Src/sysmem.o
 .debug_abbrev  0x000011f8      0x13b ./Core/Src/system_stm32f7xx.o
 .debug_abbrev  0x00001333       0x24 ./Core/Startup/startup_stm32f767zitx.o
 .debug_abbrev  0x00001357      0x213 ./Drivers/STM32F7xx_HAL_Driver/Src/stm32f7xx_hal.o
 .debug_abbrev  0x0000156a      0x252 ./Drivers/STM32F7xx_HAL_Driver/Src/stm32f7xx_hal_adc.o
 .debug_abbrev  0x000017bc      0x270 ./Drivers/STM32F7xx_HAL_Driver/Src/stm32f7xx_hal_adc_ex.o
 .debug_abbrev  0x00001a2c      0x31e ./Drivers/STM32F7xx_HAL_Driver/Src/stm32f7xx_hal_cortex.o
 .debug_abbrev  0x00001d4a      0x1fa ./Drivers/STM32F7xx_HAL_Driver/Src/stm32f7xx_hal_dac.o
 .debug_abbrev  0x00001f44      0x264 ./Drivers/STM32F7xx_HAL_Driver/Src/stm32f7xx_hal_dma.o
 .debug_abbrev  0x000021a8      0x35a ./Drivers/STM32F7xx_HAL_Driver/Src/stm32f7xx_hal_eth.o
 .debug_abbrev  0x00002502      0x1d4 ./Drivers/STM32F7xx_HAL_Driver/Src/stm32f7xx_hal_gpio.o
 .debug_abbrev  0x000026d6      0x260 ./Drivers/STM32F7xx_HAL_Driver/Src/stm32f7xx_hal_i2c.o
 .debug_abbrev  0x00002936      0x19c ./Drivers/STM32F7xx_HAL_Driver/Src/stm32f7xx_hal_i2c_ex.o
 .debug_abbrev  0x00002ad2      0x2ee ./Drivers/STM32F7xx_HAL_Driver/Src/stm32f7xx_hal_pcd.o
 .debug_abbrev  0x00002dc0      0x1ca ./Drivers/STM32F7xx_HAL_Driver/Src/stm32f7xx_hal_pcd_ex.o
 .debug_abbrev  0x00002f8a      0x2de ./Drivers/STM32F7xx_HAL_Driver/Src/stm32f7xx_hal_rcc.o
 .debug_abbrev  0x00003268      0x1c9 ./Drivers/STM32F7xx_HAL_Driver/Src/stm32f7xx_hal_rcc_ex.o
 .debug_abbrev  0x00003431      0x2e6 ./Drivers/STM32F7xx_HAL_Driver/Src/stm32f7xx_hal_uart.o
 .debug_abbrev  0x00003717      0x293 ./Drivers/STM32F7xx_HAL_Driver/Src/stm32f7xx_ll_usb.o

.debug_aranges  0x00000000     0x13c0
 .debug_aranges
                0x00000000       0x48 ./Core/BTK_Driver/Circular_Buffer/Src/circual_buffer.o
 .debug_aranges
                0x00000048       0x38 ./Core/BTK_Driver/IO_Driver/Src/IO_driver.o
 .debug_aranges
                0x00000080       0x90 ./Core/BTK_Driver/LCD_DRİVER/Src/lcd_driver.o
 .debug_aranges
                0x00000110       0x40 ./Core/BTK_Driver/dma_driver/Src/dma_driver.o
 .debug_aranges
                0x00000150       0x40 ./Core/BTK_Driver/uart_driver/Src/uart_ex.o
 .debug_aranges
                0x00000190       0x70 ./Core/Src/main.o
 .debug_aranges
                0x00000200       0x80 ./Core/Src/stm32f7xx_hal_msp.o
 .debug_aranges
                0x00000280       0x80 ./Core/Src/stm32f7xx_it.o
 .debug_aranges
                0x00000300       0x20 ./Core/Src/sysmem.o
 .debug_aranges
                0x00000320       0x28 ./Core/Src/system_stm32f7xx.o
 .debug_aranges
                0x00000348       0x28 ./Core/Startup/startup_stm32f767zitx.o
 .debug_aranges
                0x00000370      0x110 ./Drivers/STM32F7xx_HAL_Driver/Src/stm32f7xx_hal.o
 .debug_aranges
                0x00000480       0xe8 ./Drivers/STM32F7xx_HAL_Driver/Src/stm32f7xx_hal_adc.o
 .debug_aranges
                0x00000568       0x90 ./Drivers/STM32F7xx_HAL_Driver/Src/stm32f7xx_hal_adc_ex.o
 .debug_aranges
                0x000005f8      0x128 ./Drivers/STM32F7xx_HAL_Driver/Src/stm32f7xx_hal_cortex.o
 .debug_aranges
                0x00000720       0xc0 ./Drivers/STM32F7xx_HAL_Driver/Src/stm32f7xx_hal_dac.o
 .debug_aranges
                0x000007e0       0x90 ./Drivers/STM32F7xx_HAL_Driver/Src/stm32f7xx_hal_dma.o
 .debug_aranges
                0x00000870      0x1e8 ./Drivers/STM32F7xx_HAL_Driver/Src/stm32f7xx_hal_eth.o
 .debug_aranges
                0x00000a58       0x58 ./Drivers/STM32F7xx_HAL_Driver/Src/stm32f7xx_hal_gpio.o
 .debug_aranges
                0x00000ab0      0x2a0 ./Drivers/STM32F7xx_HAL_Driver/Src/stm32f7xx_hal_i2c.o
 .debug_aranges
                0x00000d50       0x38 ./Drivers/STM32F7xx_HAL_Driver/Src/stm32f7xx_hal_i2c_ex.o
 .debug_aranges
                0x00000d88      0x148 ./Drivers/STM32F7xx_HAL_Driver/Src/stm32f7xx_hal_pcd.o
 .debug_aranges
                0x00000ed0       0x48 ./Drivers/STM32F7xx_HAL_Driver/Src/stm32f7xx_hal_pcd_ex.o
 .debug_aranges
                0x00000f18       0x88 ./Drivers/STM32F7xx_HAL_Driver/Src/stm32f7xx_hal_rcc.o
 .debug_aranges
                0x00000fa0       0x50 ./Drivers/STM32F7xx_HAL_Driver/Src/stm32f7xx_hal_rcc_ex.o
 .debug_aranges
                0x00000ff0      0x230 ./Drivers/STM32F7xx_HAL_Driver/Src/stm32f7xx_hal_uart.o
 .debug_aranges
                0x00001220      0x1a0 ./Drivers/STM32F7xx_HAL_Driver/Src/stm32f7xx_ll_usb.o

.debug_rnglists
                0x00000000      0xf42
 .debug_rnglists
                0x00000000       0x31 ./Core/BTK_Driver/Circular_Buffer/Src/circual_buffer.o
 .debug_rnglists
                0x00000031       0x27 ./Core/BTK_Driver/IO_Driver/Src/IO_driver.o
 .debug_rnglists
                0x00000058       0x6b ./Core/BTK_Driver/LCD_DRİVER/Src/lcd_driver.o
 .debug_rnglists
                0x000000c3       0x2d ./Core/BTK_Driver/dma_driver/Src/dma_driver.o
 .debug_rnglists
                0x000000f0       0x2c ./Core/BTK_Driver/uart_driver/Src/uart_ex.o
 .debug_rnglists
                0x0000011c       0x55 ./Core/Src/main.o
 .debug_rnglists
                0x00000171       0x61 ./Core/Src/stm32f7xx_hal_msp.o
 .debug_rnglists
                0x000001d2       0x5c ./Core/Src/stm32f7xx_it.o
 .debug_rnglists
                0x0000022e       0x13 ./Core/Src/sysmem.o
 .debug_rnglists
                0x00000241       0x1a ./Core/Src/system_stm32f7xx.o
 .debug_rnglists
                0x0000025b       0x19 ./Core/Startup/startup_stm32f767zitx.o
 .debug_rnglists
                0x00000274       0xc7 ./Drivers/STM32F7xx_HAL_Driver/Src/stm32f7xx_hal.o
 .debug_rnglists
                0x0000033b       0xb5 ./Drivers/STM32F7xx_HAL_Driver/Src/stm32f7xx_hal_adc.o
 .debug_rnglists
                0x000003f0       0x71 ./Drivers/STM32F7xx_HAL_Driver/Src/stm32f7xx_hal_adc_ex.o
 .debug_rnglists
                0x00000461       0xda ./Drivers/STM32F7xx_HAL_Driver/Src/stm32f7xx_hal_cortex.o
 .debug_rnglists
                0x0000053b       0x90 ./Drivers/STM32F7xx_HAL_Driver/Src/stm32f7xx_hal_dac.o
 .debug_rnglists
                0x000005cb       0x70 ./Drivers/STM32F7xx_HAL_Driver/Src/stm32f7xx_hal_dma.o
 .debug_rnglists
                0x0000063b      0x183 ./Drivers/STM32F7xx_HAL_Driver/Src/stm32f7xx_hal_eth.o
 .debug_rnglists
                0x000007be       0x3f ./Drivers/STM32F7xx_HAL_Driver/Src/stm32f7xx_hal_gpio.o
 .debug_rnglists
                0x000007fd      0x228 ./Drivers/STM32F7xx_HAL_Driver/Src/stm32f7xx_hal_i2c.o
 .debug_rnglists
                0x00000a25       0x27 ./Drivers/STM32F7xx_HAL_Driver/Src/stm32f7xx_hal_i2c_ex.o
 .debug_rnglists
                0x00000a4c       0xfa ./Drivers/STM32F7xx_HAL_Driver/Src/stm32f7xx_hal_pcd.o
 .debug_rnglists
                0x00000b46       0x32 ./Drivers/STM32F7xx_HAL_Driver/Src/stm32f7xx_hal_pcd_ex.o
 .debug_rnglists
                0x00000b78       0x67 ./Drivers/STM32F7xx_HAL_Driver/Src/stm32f7xx_hal_rcc.o
 .debug_rnglists
                0x00000bdf       0x3c ./Drivers/STM32F7xx_HAL_Driver/Src/stm32f7xx_hal_rcc_ex.o
 .debug_rnglists
                0x00000c1b      0x1e0 ./Drivers/STM32F7xx_HAL_Driver/Src/stm32f7xx_hal_uart.o
 .debug_rnglists
                0x00000dfb      0x147 ./Drivers/STM32F7xx_HAL_Driver/Src/stm32f7xx_ll_usb.o

.debug_macro    0x00000000    0x2b997
 .debug_macro   0x00000000      0x14f ./Core/BTK_Driver/Circular_Buffer/Src/circual_buffer.o
 .debug_macro   0x0000014f      0xaf0 ./Core/BTK_Driver/Circular_Buffer/Src/circual_buffer.o
 .debug_macro   0x00000c3f       0x22 ./Core/BTK_Driver/Circular_Buffer/Src/circual_buffer.o
 .debug_macro   0x00000c61       0x8e ./Core/BTK_Driver/Circular_Buffer/Src/circual_buffer.o
 .debug_macro   0x00000cef       0x51 ./Core/BTK_Driver/Circular_Buffer/Src/circual_buffer.o
 .debug_macro   0x00000d40      0x103 ./Core/BTK_Driver/Circular_Buffer/Src/circual_buffer.o
 .debug_macro   0x00000e43       0x6a ./Core/BTK_Driver/Circular_Buffer/Src/circual_buffer.o
 .debug_macro   0x00000ead      0x1df ./Core/BTK_Driver/Circular_Buffer/Src/circual_buffer.o
 .debug_macro   0x0000108c       0x22 ./Core/BTK_Driver/Circular_Buffer/Src/circual_buffer.o
 .debug_macro   0x000010ae       0x61 ./Core/BTK_Driver/Circular_Buffer/Src/circual_buffer.o
 .debug_macro   0x0000110f       0x29 ./Core/BTK_Driver/Circular_Buffer/Src/circual_buffer.o
 .debug_macro   0x00001138       0x43 ./Core/BTK_Driver/Circular_Buffer/Src/circual_buffer.o
 .debug_macro   0x0000117b       0x34 ./Core/BTK_Driver/Circular_Buffer/Src/circual_buffer.o
 .debug_macro   0x000011af      0x190 ./Core/BTK_Driver/Circular_Buffer/Src/circual_buffer.o
 .debug_macro   0x0000133f      0x370 ./Core/BTK_Driver/Circular_Buffer/Src/circual_buffer.o
 .debug_macro   0x000016af       0x16 ./Core/BTK_Driver/Circular_Buffer/Src/circual_buffer.o
 .debug_macro   0x000016c5       0x4a ./Core/BTK_Driver/Circular_Buffer/Src/circual_buffer.o
 .debug_macro   0x0000170f       0x34 ./Core/BTK_Driver/Circular_Buffer/Src/circual_buffer.o
 .debug_macro   0x00001743       0x10 ./Core/BTK_Driver/Circular_Buffer/Src/circual_buffer.o
 .debug_macro   0x00001753       0x58 ./Core/BTK_Driver/Circular_Buffer/Src/circual_buffer.o
 .debug_macro   0x000017ab       0x8e ./Core/BTK_Driver/Circular_Buffer/Src/circual_buffer.o
 .debug_macro   0x00001839       0x1c ./Core/BTK_Driver/Circular_Buffer/Src/circual_buffer.o
 .debug_macro   0x00001855      0x185 ./Core/BTK_Driver/Circular_Buffer/Src/circual_buffer.o
 .debug_macro   0x000019da       0x10 ./Core/BTK_Driver/Circular_Buffer/Src/circual_buffer.o
 .debug_macro   0x000019ea       0x3c ./Core/BTK_Driver/Circular_Buffer/Src/circual_buffer.o
 .debug_macro   0x00001a26       0x20 ./Core/BTK_Driver/Circular_Buffer/Src/circual_buffer.o
 .debug_macro   0x00001a46      0x249 ./Core/BTK_Driver/IO_Driver/Src/IO_driver.o
 .debug_macro   0x00001c8f      0x2a5 ./Core/BTK_Driver/IO_Driver/Src/IO_driver.o
 .debug_macro   0x00001f34       0x2e ./Core/BTK_Driver/IO_Driver/Src/IO_driver.o
 .debug_macro   0x00001f62       0x3b ./Core/BTK_Driver/IO_Driver/Src/IO_driver.o
 .debug_macro   0x00001f9d       0x1c ./Core/BTK_Driver/IO_Driver/Src/IO_driver.o
 .debug_macro   0x00001fb9       0x22 ./Core/BTK_Driver/IO_Driver/Src/IO_driver.o
 .debug_macro   0x00001fdb       0xd9 ./Core/BTK_Driver/IO_Driver/Src/IO_driver.o
 .debug_macro   0x000020b4     0x12cd ./Core/BTK_Driver/IO_Driver/Src/IO_driver.o
 .debug_macro   0x00003381      0x11f ./Core/BTK_Driver/IO_Driver/Src/IO_driver.o
 .debug_macro   0x000034a0       0x19 ./Core/BTK_Driver/IO_Driver/Src/IO_driver.o
 .debug_macro   0x000034b9    0x1aa23 ./Core/BTK_Driver/IO_Driver/Src/IO_driver.o
 .debug_macro   0x0001dedc       0x6d ./Core/BTK_Driver/IO_Driver/Src/IO_driver.o
 .debug_macro   0x0001df49     0x375e ./Core/BTK_Driver/IO_Driver/Src/IO_driver.o
 .debug_macro   0x000216a7       0x63 ./Core/BTK_Driver/IO_Driver/Src/IO_driver.o
 .debug_macro   0x0002170a     0x1add ./Core/BTK_Driver/IO_Driver/Src/IO_driver.o
 .debug_macro   0x000231e7      0x6c4 ./Core/BTK_Driver/IO_Driver/Src/IO_driver.o
 .debug_macro   0x000238ab      0x18b ./Core/BTK_Driver/IO_Driver/Src/IO_driver.o
 .debug_macro   0x00023a36      0x115 ./Core/BTK_Driver/IO_Driver/Src/IO_driver.o
 .debug_macro   0x00023b4b      0x26e ./Core/BTK_Driver/IO_Driver/Src/IO_driver.o
 .debug_macro   0x00023db9       0xa5 ./Core/BTK_Driver/IO_Driver/Src/IO_driver.o
 .debug_macro   0x00023e5e      0x24f ./Core/BTK_Driver/IO_Driver/Src/IO_driver.o
 .debug_macro   0x000240ad       0x71 ./Core/BTK_Driver/IO_Driver/Src/IO_driver.o
 .debug_macro   0x0002411e       0x58 ./Core/BTK_Driver/IO_Driver/Src/IO_driver.o
 .debug_macro   0x00024176      0x236 ./Core/BTK_Driver/IO_Driver/Src/IO_driver.o
 .debug_macro   0x000243ac      0x416 ./Core/BTK_Driver/IO_Driver/Src/IO_driver.o
 .debug_macro   0x000247c2      0x153 ./Core/BTK_Driver/IO_Driver/Src/IO_driver.o
 .debug_macro   0x00024915      0x107 ./Core/BTK_Driver/IO_Driver/Src/IO_driver.o
 .debug_macro   0x00024a1c      0x122 ./Core/BTK_Driver/IO_Driver/Src/IO_driver.o
 .debug_macro   0x00024b3e       0xa6 ./Core/BTK_Driver/IO_Driver/Src/IO_driver.o
 .debug_macro   0x00024be4      0xb99 ./Core/BTK_Driver/IO_Driver/Src/IO_driver.o
 .debug_macro   0x0002577d      0x14e ./Core/BTK_Driver/IO_Driver/Src/IO_driver.o
 .debug_macro   0x000258cb      0x3db ./Core/BTK_Driver/IO_Driver/Src/IO_driver.o
 .debug_macro   0x00025ca6       0x12 ./Core/BTK_Driver/IO_Driver/Src/IO_driver.o
 .debug_macro   0x00025cb8      0x22c ./Core/BTK_Driver/IO_Driver/Src/IO_driver.o
 .debug_macro   0x00025ee4       0x61 ./Core/BTK_Driver/IO_Driver/Src/IO_driver.o
 .debug_macro   0x00025f45       0xa5 ./Core/BTK_Driver/IO_Driver/Src/IO_driver.o
 .debug_macro   0x00025fea      0x12e ./Core/BTK_Driver/IO_Driver/Src/IO_driver.o
 .debug_macro   0x00026118      0x108 ./Core/BTK_Driver/IO_Driver/Src/IO_driver.o
 .debug_macro   0x00026220       0x35 ./Core/BTK_Driver/IO_Driver/Src/IO_driver.o
 .debug_macro   0x00026255      0x5ba ./Core/BTK_Driver/IO_Driver/Src/IO_driver.o
 .debug_macro   0x0002680f       0x44 ./Core/BTK_Driver/IO_Driver/Src/IO_driver.o
 .debug_macro   0x00026853      0x2cb ./Core/BTK_Driver/IO_Driver/Src/IO_driver.o
 .debug_macro   0x00026b1e       0xba ./Core/BTK_Driver/IO_Driver/Src/IO_driver.o
 .debug_macro   0x00026bd8      0x15b ./Core/BTK_Driver/IO_Driver/Src/IO_driver.o
 .debug_macro   0x00026d33      0x13c ./Core/BTK_Driver/IO_Driver/Src/IO_driver.o
 .debug_macro   0x00026e6f      0x34d ./Core/BTK_Driver/LCD_DRİVER/Src/lcd_driver.o
 .debug_macro   0x000271bc       0x58 ./Core/BTK_Driver/LCD_DRİVER/Src/lcd_driver.o
 .debug_macro   0x00027214       0x1c ./Core/BTK_Driver/LCD_DRİVER/Src/lcd_driver.o
 .debug_macro   0x00027230       0x1c ./Core/BTK_Driver/LCD_DRİVER/Src/lcd_driver.o
 .debug_macro   0x0002724c       0x16 ./Core/BTK_Driver/LCD_DRİVER/Src/lcd_driver.o
 .debug_macro   0x00027262      0x146 ./Core/BTK_Driver/LCD_DRİVER/Src/lcd_driver.o
 .debug_macro   0x000273a8       0x46 ./Core/BTK_Driver/LCD_DRİVER/Src/lcd_driver.o
 .debug_macro   0x000273ee      0x251 ./Core/BTK_Driver/dma_driver/Src/dma_driver.o
 .debug_macro   0x0002763f       0x34 ./Core/BTK_Driver/dma_driver/Src/dma_driver.o
 .debug_macro   0x00027673      0xb46 ./Core/BTK_Driver/dma_driver/Src/dma_driver.o
 .debug_macro   0x000281b9      0x367 ./Core/BTK_Driver/uart_driver/Src/uart_ex.o
 .debug_macro   0x00028520       0x10 ./Core/BTK_Driver/uart_driver/Src/uart_ex.o
 .debug_macro   0x00028530       0x1c ./Core/BTK_Driver/uart_driver/Src/uart_ex.o
 .debug_macro   0x0002854c       0x4c ./Core/BTK_Driver/uart_driver/Src/uart_ex.o
 .debug_macro   0x00028598      0x382 ./Core/Src/main.o
 .debug_macro   0x0002891a       0x10 ./Core/Src/main.o
 .debug_macro   0x0002892a       0x3a ./Core/Src/main.o
 .debug_macro   0x00028964       0x4c ./Core/Src/main.o
 .debug_macro   0x000289b0      0x239 ./Core/Src/stm32f7xx_hal_msp.o
 .debug_macro   0x00028be9      0x371 ./Core/Src/stm32f7xx_it.o
 .debug_macro   0x00028f5a      0x112 ./Core/Src/sysmem.o
 .debug_macro   0x0002906c      0x23c ./Core/Src/sysmem.o
 .debug_macro   0x000292a8      0x22a ./Core/Src/system_stm32f7xx.o
 .debug_macro   0x000294d2      0x24e ./Drivers/STM32F7xx_HAL_Driver/Src/stm32f7xx_hal.o
 .debug_macro   0x00029720      0x22b ./Drivers/STM32F7xx_HAL_Driver/Src/stm32f7xx_hal_adc.o
 .debug_macro   0x0002994b      0x22a ./Drivers/STM32F7xx_HAL_Driver/Src/stm32f7xx_hal_adc_ex.o
 .debug_macro   0x00029b75      0x22a ./Drivers/STM32F7xx_HAL_Driver/Src/stm32f7xx_hal_cortex.o
 .debug_macro   0x00029d9f      0x22b ./Drivers/STM32F7xx_HAL_Driver/Src/stm32f7xx_hal_dac.o
 .debug_macro   0x00029fca      0x230 ./Drivers/STM32F7xx_HAL_Driver/Src/stm32f7xx_hal_dma.o
 .debug_macro   0x0002a1fa      0x304 ./Drivers/STM32F7xx_HAL_Driver/Src/stm32f7xx_hal_eth.o
 .debug_macro   0x0002a4fe      0x230 ./Drivers/STM32F7xx_HAL_Driver/Src/stm32f7xx_hal_gpio.o
 .debug_macro   0x0002a72e      0x2f6 ./Drivers/STM32F7xx_HAL_Driver/Src/stm32f7xx_hal_i2c.o
 .debug_macro   0x0002aa24      0x22a ./Drivers/STM32F7xx_HAL_Driver/Src/stm32f7xx_hal_i2c_ex.o
 .debug_macro   0x0002ac4e      0x236 ./Drivers/STM32F7xx_HAL_Driver/Src/stm32f7xx_hal_pcd.o
 .debug_macro   0x0002ae84      0x22a ./Drivers/STM32F7xx_HAL_Driver/Src/stm32f7xx_hal_pcd_ex.o
 .debug_macro   0x0002b0ae      0x24e ./Drivers/STM32F7xx_HAL_Driver/Src/stm32f7xx_hal_rcc.o
 .debug_macro   0x0002b2fc      0x22a ./Drivers/STM32F7xx_HAL_Driver/Src/stm32f7xx_hal_rcc_ex.o
 .debug_macro   0x0002b526      0x247 ./Drivers/STM32F7xx_HAL_Driver/Src/stm32f7xx_hal_uart.o
 .debug_macro   0x0002b76d      0x22a ./Drivers/STM32F7xx_HAL_Driver/Src/stm32f7xx_ll_usb.o

.debug_line     0x00000000    0x1af23
 .debug_line    0x00000000      0x6e1 ./Core/BTK_Driver/Circular_Buffer/Src/circual_buffer.o
 .debug_line    0x000006e1      0x925 ./Core/BTK_Driver/IO_Driver/Src/IO_driver.o
 .debug_line    0x00001006      0xd4c ./Core/BTK_Driver/LCD_DRİVER/Src/lcd_driver.o
 .debug_line    0x00001d52      0x984 ./Core/BTK_Driver/dma_driver/Src/dma_driver.o
 .debug_line    0x000026d6      0xb7e ./Core/BTK_Driver/uart_driver/Src/uart_ex.o
 .debug_line    0x00003254      0xec8 ./Core/Src/main.o
 .debug_line    0x0000411c      0xa83 ./Core/Src/stm32f7xx_hal_msp.o
 .debug_line    0x00004b9f      0xb91 ./Core/Src/stm32f7xx_it.o
 .debug_line    0x00005730      0x579 ./Core/Src/sysmem.o
 .debug_line    0x00005ca9      0x868 ./Core/Src/system_stm32f7xx.o
 .debug_line    0x00006511       0x7a ./Core/Startup/startup_stm32f767zitx.o
 .debug_line    0x0000658b      0xb4b ./Drivers/STM32F7xx_HAL_Driver/Src/stm32f7xx_hal.o
 .debug_line    0x000070d6     0x12e0 ./Drivers/STM32F7xx_HAL_Driver/Src/stm32f7xx_hal_adc.o
 .debug_line    0x000083b6      0xf05 ./Drivers/STM32F7xx_HAL_Driver/Src/stm32f7xx_hal_adc_ex.o
 .debug_line    0x000092bb      0xd9b ./Drivers/STM32F7xx_HAL_Driver/Src/stm32f7xx_hal_cortex.o